D/dalvikvm(  666): Note: class Landroid/app/ActivityManagerNative; has 179 unimplemented (abstract) methods
E/memtrack(  666): Couldn't load memtrack module (No such file or directory)
E/android.os.Debug(  666): failed to load memtrack module: -2
D/AndroidRuntime(  666): Calling main entry com.android.commands.pm.Pm
D/AndroidRuntime(  666): Shutting down VM
E/cutils-trace(  666): Error opening trace file: No such file or directory (2)
D/dalvikvm(  666): GC_CONCURRENT freed 152K, 22% free 566K/720K, paused 0ms+0ms, total 1ms
W/chromium(  466): [WARNING:proxy_service.cc(888)] PAC support disabled because there is no system implementation
I/ActivityManager(  307): Start proc com.bignox.app.store.hd for broadcast com.bignox.app.store.hd/.providers.downloads.DownloadReceiver: pid=704 uid=1000 gids={41000, 1028, 1015, 1023, 3002, 3001, 3003, 1007}
I/dalvikvm(  704): ignoring registerObject request in thread=1
I/dalvikvm(  704): ignoring registerObject request in thread=1
D/dalvikvm(  466): GC_FOR_ALLOC freed 287K, 7% free 4512K/4852K, paused 5ms, total 5ms
I/dalvikvm-heap(  466): Grow heap (frag case) to 5.059MB for 635808-byte allocation
D/dalvikvm(  466): GC_CONCURRENT freed 14K, 7% free 5119K/5476K, paused 0ms+1ms, total 5ms
D/        (  307): Setting time of day to sec=1554036428
D/NOX-AGPS(  721): 1|12705|21324(mnc=1, lac=12705, cid=21324) for lng=115.563583 & lat=37.001251 
I/Choreographer(  466): Skipped 177 frames!  The application may be doing too much work on its main thread.
D/Launcher(  466): 11683562 - bindAddScreens()
D/Launcher(  466): 11683562 -   orderedScreenIds: 1
D/Launcher.Workspace(  466): 11683562 - insertNewWorkspaceScreen(): 1 at index: 0
D/dalvikvm(  466): GC_CONCURRENT freed 1272K, 23% free 4536K/5860K, paused 0ms+1ms, total 21ms
D/EventBus(  466): No subscribers registered for event class com.vphone.launcher.game.event.RankEvent
D/EventBus(  466): No subscribers registered for event class org.greenrobot.eventbus.NoSubscriberEvent
D/dalvikvm(  466): GC_CONCURRENT freed 359K, 21% free 4630K/5860K, paused 8ms+3ms, total 17ms
D/dalvikvm(  466): GC_FOR_ALLOC freed 22K, 21% free 4673K/5860K, paused 8ms, total 8ms
I/dalvikvm-heap(  466): Grow heap (frag case) to 5.216MB for 635808-byte allocation
D/dalvikvm(  466): GC_CONCURRENT freed <1K, 10% free 5294K/5860K, paused 0ms+1ms, total 5ms
D/AndroidRuntime(  725): 
D/AndroidRuntime(  725): >>>>>> AndroidRuntime START com.android.internal.os.RuntimeInit <<<<<<
D/AndroidRuntime(  725): CheckJNI is OFF
D/dalvikvm(  725): Using executionMode 2
D/dalvikvm(  725): Trying to load lib libjavacore.so 0x0
D/dalvikvm(  725): Added shared lib libjavacore.so 0x0
D/dalvikvm(  725): Trying to load lib libnativehelper.so 0x0
D/dalvikvm(  725): Added shared lib libnativehelper.so 0x0
D/dalvikvm(  725): No JNI_OnLoad found in libnativehelper.so 0x0, skipping init
D/dalvikvm(  725): Note: class Landroid/app/ActivityManagerNative; has 179 unimplemented (abstract) methods
E/memtrack(  725): Couldn't load memtrack module (No such file or directory)
E/android.os.Debug(  725): failed to load memtrack module: -2
D/AndroidRuntime(  725): Calling main entry com.android.commands.pm.Pm
D/AndroidRuntime(  725): Shutting down VM
E/cutils-trace(  725): Error opening trace file: No such file or directory (2)
D/dalvikvm(  725): GC_CONCURRENT freed 152K, 22% free 566K/720K, paused 0ms+0ms, total 1ms
E/NOX     (   71): recv() error
D/NOX     (   71): Socket read error
D/dalvikvm(  704): No JNI_OnLoad found in /system/lib/libxl_thunder_sdk.so 0x94fd5de8, skipping init
I/Choreographer(  466): Skipped 49 frames!  The application may be doing too much work on its main thread.
D/dalvikvm(  704): No JNI_OnLoad found in /system/lib/libvphone_xl_thunder_iface.so 0x94fd5de8, skipping init
I/XLUtil  (  704): loadAndParseFile start
I/XLUtil  (  704): loadAndParseFile end
I/XLDownloadManager(  704): Peerid:MTgzREEyRDc3OUQ2MDBYWQ==
I/XLDownloadManager(  704): Guid:MzU1NzU3MDEwMTg2MTE4XzE4M0RBMkQ3NzlENg==
V/RenderScript(  466): 0xb7e029d0 Launching thread(s), CPUs 2
D/AndroidRuntime(  740): 
D/AndroidRuntime(  740): >>>>>> AndroidRuntime START com.android.internal.os.RuntimeInit <<<<<<
I/SurfaceFlinger(  167): Boot is finished (35543 ms)
I/XLDownloadManager(  704): doMonitorNetworkChange()
I/XLDownloadManager(  704): register Receiver
D/dalvikvm(  704): GC_CONCURRENT freed 249K, 9% free 3084K/3388K, paused 3ms+0ms, total 5ms
W/ActivityThread(  704): ClassLoader.loadClass: The class loader returned by Thread.getContextClassLoader() may fail for processes that host multiple applications. You should explicitly specify a context class loader. For example: Thread.setContextClassLoader(getClass().getClassLoader());
D/dalvikvm(  466): GC_CONCURRENT freed 1249K, 22% free 4794K/6092K, paused 0ms+1ms, total 29ms
D/dalvikvm(  704): GC_CONCURRENT freed 260K, 10% free 3217K/3540K, paused 6ms+1ms, total 9ms
W/ContextImpl(  466): Calling a method in the system process without a qualified user: android.app.ContextImpl.sendBroadcast:1123 android.content.ContextWrapper.sendBroadcast:365 com.vphone.launcher.Hotseat$19.a:640 com.vphone.launcher.Hotseat$19.onResponse:629 com.vphone.launcher.network.GsonRequest.deliverResponse:52 
D/Volley  (  704): [1] DiskBasedCache.clear: Cache cleared.
D/AndroidRuntime(  740): CheckJNI is OFF
D/dalvikvm(  740): Using executionMode 2
W/ContextImpl(  704): Calling a method in the system process without a qualified user: android.app.ContextImpl.startService:1492 android.content.ContextWrapper.startService:494 com.bignox.app.store.hd.StoreApplication.onCreate:97 android.app.Instrumentation.callApplicationOnCreate:1024 android.app.ActivityThread.handleBindApplication:4346 
D/dalvikvm(  740): Trying to load lib libjavacore.so 0x0
I/HttpDnsSDK(  704): HttpDnsThreadFactory create a new thread, name: Thread-58
I/HttpDnsSDK(  704): HttpDnsThreadFactory create a new thread, name: Thread-59
D/dalvikvm(  740): Added shared lib libjavacore.so 0x0
I/HttpDnsSDK(  704): HttpDnsThreadFactory create a new thread, name: Thread-61
D/dalvikvm(  740): Trying to load lib libnativehelper.so 0x0
D/dalvikvm(  740): Added shared lib libnativehelper.so 0x0
D/dalvikvm(  740): No JNI_OnLoad found in libnativehelper.so 0x0, skipping init
W/ContextImpl(  704): Calling a method in the system process without a qualified user: android.app.ContextImpl.startService:1492 android.content.ContextWrapper.startService:494 android.content.ContextWrapper.startService:494 com.bignox.app.store.hd.providers.downloads.DownloadReceiver.startService:188 com.bignox.app.store.hd.providers.downloads.DownloadReceiver.onReceive:53 
W/ContextImpl(  466): Calling a method in the system process without a qualified user: android.app.ContextImpl.startService:1492 android.content.ContextWrapper.startService:494 android.content.ContextWrapper.startService:494 com.vphone.launcher.providers.downloads.DownloadReceiver.a:188 com.vphone.launcher.providers.downloads.DownloadReceiver.onReceive:53 
D/BluetoothManagerService(  307): Retrieving Bluetooth Adapter name and address...
D/BluetoothManagerService(  307): getNameAndAddress(): mBluetooth = null mBinding = false
D/BluetoothManagerService(  307): Message: 200
D/BluetoothManagerService(  307): MESSAGE_GET_NAME_AND_ADDRESS
D/BluetoothManagerService(  307): Binding to service to get name and address
E/BluetoothManagerService(  307): Fail to bind to: Intent { act=android.bluetooth.IBluetooth }
D/XLDownloadManager(  704): NetworkChangeHandlerThread nettype=9
D/XLDownloadManager(  704): NetworkChangeHandlerThread bssid=18:3D:A2:D7:79:D6
E/BluetoothHeadset(  307): Could not bind to Bluetooth Headset Service with Intent { act=android.bluetooth.IBluetoothHeadset }
D/BluetoothManagerService(  307): Message: 20
D/BluetoothManagerService(  307): Added callback: android.bluetooth.BluetoothAdapter$1@4a958b70:true
D/BluetoothManagerService(  307): Message: 30
E/BluetoothA2dp(  307): Could not bind to Bluetooth A2DP Service with Intent { act=android.bluetooth.IBluetoothA2dp }
D/BluetoothManagerService(  307): Message: 30
V/WiredAccessoryManager(  307): init()
I/PowerManagerService(  307): Boot animation finished.
I/RecoverySystem(  307): No recovery log file
D/dalvikvm(  740): Note: class Landroid/app/ActivityManagerNative; has 179 unimplemented (abstract) methods
I/ActivityManager(  307): Start proc com.android.providers.calendar for broadcast com.android.providers.calendar/.CalendarReceiver: pid=792 uid=10001 gids={50001, 3003, 1028, 1015, 1023}
I/dalvikvm(  792): ignoring registerObject request in thread=1
I/dalvikvm(  792): ignoring registerObject request in thread=1
I/BootReceiver(  307): Copying audit failures to DropBox
I/BootReceiver(  307): Checking for fsck errors
E/memtrack(  740): Couldn't load memtrack module (No such file or directory)
E/android.os.Debug(  740): failed to load memtrack module: -2
D/dalvikvm(  704): GC_CONCURRENT freed 374K, 12% free 3284K/3716K, paused 70ms+0ms, total 73ms
D/Event   (  704): No subscribers registered for event class com.bignox.app.store.hd.model.Game
D/Event   (  704): No subscribers registered for event class de.greenrobot.event.NoSubscriberEvent
I/com.bignox.app.store.hd.repositories.AppRepository(  704): delete app by package url :com.bignox.app.store.hd
D/AndroidRuntime(  740): Calling main entry com.android.commands.pm.Pm
D/AndroidRuntime(  740): Shutting down VM
E/cutils-trace(  740): Error opening trace file: No such file or directory (2)
D/dalvikvm(  740): GC_CONCURRENT freed 152K, 22% free 566K/720K, paused 0ms+0ms, total 1ms
D/dalvikvm(  704): GC_CONCURRENT freed 277K, 10% free 3409K/3748K, paused 3ms+2ms, total 11ms
D/HttpDnsSDK(  704): 57 - VMStack.java:-2 - [getThreadStackTrace] - stat: XJb06/ZzqLQDAPHxgHJHKNOM
D/Event   (  704): No subscribers registered for event class com.bignox.app.store.hd.providers.downloads.CountEvent
D/Event   (  704): No subscribers registered for event class de.greenrobot.event.NoSubscriberEvent
I/CalendarProvider2(  792): Created com.android.providers.calendar.CalendarAlarmManager@4a7f616c(com.android.providers.calendar.CalendarProvider2@4a7f2054)
I/ActivityManager(  307): Delay finish: com.android.providers.downloads/.DownloadReceiver
I/ActivityManager(  307): Resuming delayed broadcast
I/ActivityManager(  307): Delay finish: com.android.providers.media/.MediaScannerReceiver
D/Event   (  704): No subscribers registered for event class com.bignox.app.store.hd.model.Game
D/Event   (  704): No subscribers registered for event class de.greenrobot.event.NoSubscriberEvent
D/Event   (  704): No subscribers registered for event class com.bignox.app.store.hd.providers.downloads.CountEvent
D/Event   (  704): No subscribers registered for event class de.greenrobot.event.NoSubscriberEvent
D/Event   (  704): No subscribers registered for event class com.bignox.app.store.hd.providers.downloads.CountEvent
D/Event   (  704): No subscribers registered for event class de.greenrobot.event.NoSubscriberEvent
D/Event   (  704): No subscribers registered for event class com.bignox.app.store.hd.providers.downloads.CountEvent
D/Event   (  704): No subscribers registered for event class de.greenrobot.event.NoSubscriberEvent
W/ContextImpl(  704): Calling a method in the system process without a qualified user: android.app.ContextImpl.sendBroadcast:1123 android.content.ContextWrapper.sendBroadcast:365 com.bignox.app.store.hd.asynctask.InitPackageMapTask.onPostExecute:284 com.bignox.app.store.hd.asynctask.InitPackageMapTask.onPostExecute:32 android.os.AsyncTask.finish:632 
D/AndroidRuntime(  838): 
D/AndroidRuntime(  838): >>>>>> AndroidRuntime START com.android.internal.os.RuntimeInit <<<<<<
D/HttpDnsSDK(  704): 58 - VMStack.java:-2 - [getThreadStackTrace] - resolve host: res.yeshen.com, return: {"host":"res.yeshen.com","ips":["180.97.154.35"],"ttl":33,"origin_ttl":60}
D/dalvikvm(  668): JIT code cache reset in 0 ms (0 bytes 1/0)
D/dalvikvm(  668): GC_CONCURRENT freed 221K, 9% free 3002K/3276K, paused 1ms+1ms, total 4ms
D/HttpDnsSDK(  704): 59 - VMStack.java:-2 - [getThreadStackTrace] - resolve host: ressrc.yeshen.com, return: {"host":"ressrc.yeshen.com","ips":["60.205.13.186"],"ttl":135,"origin_ttl":600}
D/HttpDnsSDK(  704): 61 - VMStack.java:-2 - [getThreadStackTrace] - resolve host: res.src.yeshen.com, return: {"host":"res.src.yeshen.com","ips":[],"ttl":300}
D/dalvikvm(  704): GC_CONCURRENT freed 398K, 12% free 3404K/3860K, paused 0ms+0ms, total 7ms
D/dalvikvm(  466): GC_CONCURRENT freed 508K, 20% free 4890K/6092K, paused 3ms+14ms, total 22ms
D/dalvikvm(  466): WAIT_FOR_CONCURRENT_GC blocked 18ms
D/dalvikvm(  466): GC_CONCURRENT freed 428K, 16% free 5147K/6092K, paused 4ms+9ms, total 19ms
D/dalvikvm(  466): WAIT_FOR_CONCURRENT_GC blocked 2ms
D/dalvikvm(  466): WAIT_FOR_CONCURRENT_GC blocked 5ms
D/dalvikvm(  466): GC_CONCURRENT freed 433K, 13% free 5355K/6092K, paused 2ms+1ms, total 7ms
D/dalvikvm(  466): GC_CONCURRENT freed 829K, 15% free 5365K/6244K, paused 8ms+1ms, total 17ms
D/dalvikvm(  466): WAIT_FOR_CONCURRENT_GC blocked 9ms
D/dalvikvm(  466): GC_FOR_ALLOC freed 837K, 15% free 5370K/6256K, paused 6ms, total 6ms
D/AndroidRuntime(  838): CheckJNI is OFF
D/dalvikvm(  838): Using executionMode 2
D/dalvikvm(  838): Trying to load lib libjavacore.so 0x0
D/dalvikvm(  838): Added shared lib libjavacore.so 0x0
D/dalvikvm(  838): Trying to load lib libnativehelper.so 0x0
D/dalvikvm(  838): Added shared lib libnativehelper.so 0x0
D/dalvikvm(  838): No JNI_OnLoad found in libnativehelper.so 0x0, skipping init
D/dalvikvm(  838): Note: class Landroid/app/ActivityManagerNative; has 179 unimplemented (abstract) methods
D/dalvikvm(  466): GC_CONCURRENT freed 721K, 15% free 5366K/6256K, paused 2ms+1ms, total 7ms
D/HttpDnsSDK(  704): 57 - VMStack.java:-2 - [getThreadStackTrace] - get MAN response: {"t":1554036430943,"ret":"","success":"success"}
E/memtrack(  838): Couldn't load memtrack module (No such file or directory)
E/android.os.Debug(  838): failed to load memtrack module: -2
D/dalvikvm(  466): GC_CONCURRENT freed 802K, 14% free 5409K/6260K, paused 3ms+1ms, total 28ms
D/dalvikvm(  466): WAIT_FOR_CONCURRENT_GC blocked 4ms
D/dalvikvm(  466): WAIT_FOR_CONCURRENT_GC blocked 3ms
D/AndroidRuntime(  838): Calling main entry com.android.commands.pm.Pm
D/AndroidRuntime(  838): Shutting down VM
E/cutils-trace(  838): Error opening trace file: No such file or directory (2)
D/dalvikvm(  838): GC_CONCURRENT freed 152K, 22% free 566K/720K, paused 0ms+0ms, total 1ms
D/dalvikvm(  466): GC_FOR_ALLOC freed 869K, 15% free 5398K/6316K, paused 5ms, total 5ms
D/dalvikvm(  466): GC_CONCURRENT freed 191K, 15% free 5427K/6316K, paused 3ms+1ms, total 10ms
D/dalvikvm(  704): GC_CONCURRENT freed 436K, 13% free 3413K/3904K, paused 36ms+1ms, total 43ms
D/dalvikvm(  466): GC_CONCURRENT freed 838K, 14% free 5436K/6320K, paused 0ms+2ms, total 10ms
D/dalvikvm(  466): GC_FOR_ALLOC freed 124K, 14% free 5457K/6320K, paused 10ms, total 10ms
D/dalvikvm(  466): GC_FOR_ALLOC freed 225K, 15% free 5413K/6356K, paused 7ms, total 7ms
D/dalvikvm(  668): GC_CONCURRENT freed 234K, 9% free 3154K/3440K, paused 1ms+1ms, total 6ms
D/dalvikvm(  466): GC_CONCURRENT freed 798K, 14% free 5496K/6356K, paused 1ms+2ms, total 12ms
D/dalvikvm(  704): GC_CONCURRENT freed 347K, 12% free 3455K/3904K, paused 1ms+0ms, total 3ms
E/NOX     (   71): recv() error
D/NOX     (   71): Socket read error
W/ContextImpl(  307): Calling a method in the system process without a qualified user: android.app.ContextImpl.sendBroadcast:1123 com.android.server.NotificationManagerService$6.run:1838 android.os.Handler.handleCallback:733 android.os.Handler.dispatchMessage:95 android.os.Looper.loop:136 
D/dalvikvm(  307): GC_EXPLICIT freed 408K, 8% free 5472K/5940K, paused 0ms+3ms, total 11ms
I/CalendarProvider2(  792): Sending notification intent: Intent { act=android.intent.action.PROVIDER_CHANGED dat=content://com.android.calendar }
W/ContentResolver(  792): Failed to get type for: content://com.android.calendar (Unknown URL content://com.android.calendar)
I/ActivityManager(  307): Resuming delayed broadcast
I/ActivityManager(  307): Start proc com.android.onetimeinitializer for broadcast com.android.onetimeinitializer/.OneTimeInitializerReceiver: pid=856 uid=10007 gids={50007}
I/dalvikvm(  856): ignoring registerObject request in thread=1
I/dalvikvm(  856): ignoring registerObject request in thread=1
W/DebugConnManager(  466): getNetworkInfo() on networkType 1
V/OneTimeInitializerRece(  856): OneTimeInitializerReceiver.onReceive
I/ActivityManager(  307): Delay finish: com.android.onetimeinitializer/.OneTimeInitializerReceiver
D/dalvikvm(  466): GC_FOR_ALLOC freed 617K, 13% free 5553K/6356K, paused 6ms, total 6ms
I/ActivityManager(  307): Resuming delayed broadcast
V/MediaScanner(  668): pruneDeadThumbnailFiles... android.database.sqlite.SQLiteCursor@4a83b68c
V/MediaScanner(  668): /pruneDeadThumbnailFiles... android.database.sqlite.SQLiteCursor@4a83b68c
D/SizeAdaptiveLayout(  368): com.android.internal.widget.SizeAdaptiveLayout{4abd11dc V.E..... ......I. 0,0-0,0 #7f07004f app:id/adaptive}child view android.widget.RelativeLayout{4abd4ab8 G.E..... ......I. 0,0-0,0} measured out of bounds at 95px clamped to 96px
D/dalvikvm(  466): GC_FOR_ALLOC freed 196K, 15% free 5523K/6480K, paused 11ms, total 11ms
W/ContextImpl(  704): Calling a method in the system process without a qualified user: android.app.ContextImpl.startService:1492 android.content.ContextWrapper.startService:494 android.content.ContextWrapper.startService:494 com.bignox.app.store.hd.providers.downloads.DownloadReceiver.startService:188 com.bignox.app.store.hd.providers.downloads.DownloadReceiver.onReceive:48 
D/Event   (  704): No subscribers registered for event class com.bignox.app.store.hd.providers.downloads.CountEvent
D/Event   (  704): No subscribers registered for event class de.greenrobot.event.NoSubscriberEvent
D/dalvikvm(  466): GC_FOR_ALLOC freed 106K, 15% free 5536K/6480K, paused 20ms, total 20ms
I/dalvikvm-heap(  466): Grow heap (frag case) to 5.506MB for 56388-byte allocation
D/dalvikvm(  466): GC_FOR_ALLOC freed <1K, 15% free 5591K/6536K, paused 18ms, total 18ms
D/dalvikvm(  466): GC_FOR_ALLOC freed 4K, 14% free 5639K/6536K, paused 15ms, total 15ms
I/dalvikvm-heap(  466): Grow heap (frag case) to 6.160MB for 635808-byte allocation
D/dalvikvm(  466): GC_FOR_ALLOC freed <1K, 13% free 6260K/7160K, paused 58ms, total 58ms
I/dalvikvm(  466): Could not find method android.widget.LinearLayout.<init>, referenced from method com.bigkoo.convenientbanner.ConvenientBanner.<init>
W/dalvikvm(  466): VFY: unable to resolve direct method 17827: Landroid/widget/LinearLayout;.<init> (Landroid/content/Context;Landroid/util/AttributeSet;II)V
D/dalvikvm(  466): VFY: replacing opcode 0x70 at 0x0002
I/FusedLocation(  307): engine stopped (com.android.location.fused)
I/FusedLocation(  307): engine started (com.android.location.fused)
I/FusedLocation(  307): engine started (com.android.location.fused)
W/DebugConnManager(  307): getNetworkInfo() on networkType 1
E/GpsLocationProvider(  307): no AGPS interface in set_agps_server
D/GpsLocationProvider(  307): NTP server returned: 1554036428058 (Sun Mar 31 20:47:08 GMT+08:00 2019) reference: 37613 certainty: 78 system time offset: -3879
E/RemotePrintSpooler(  307): Error removing obsolete print jobs .
E/RemotePrintSpooler(  307): java.util.concurrent.TimeoutException: Cannot get spooler!
E/RemotePrintSpooler(  307): 	at com.android.server.print.RemotePrintSpooler.bindLocked(RemotePrintSpooler.java:376)
E/RemotePrintSpooler(  307): 	at com.android.server.print.RemotePrintSpooler.getRemoteInstanceLazy(RemotePrintSpooler.java:352)
E/RemotePrintSpooler(  307): 	at com.android.server.print.RemotePrintSpooler.removeObsoletePrintJobs(RemotePrintSpooler.java:287)
E/RemotePrintSpooler(  307): 	at com.android.server.print.UserState.removeObsoletePrintJobs(UserState.java:163)
E/RemotePrintSpooler(  307): 	at com.android.server.print.PrintManagerService$1.run(PrintManagerService.java:94)
E/RemotePrintSpooler(  307): 	at android.os.Handler.handleCallback(Handler.java:733)
E/RemotePrintSpooler(  307): 	at android.os.Handler.dispatchMessage(Handler.java:95)
E/RemotePrintSpooler(  307): 	at android.os.Looper.loop(Looper.java:136)
E/RemotePrintSpooler(  307): 	at android.os.HandlerThread.run(HandlerThread.java:61)
D/dalvikvm(  466): GC_CONCURRENT freed 681K, 10% free 6617K/7348K, paused 1ms+6ms, total 38ms
W/DebugConnManager(  466): getNetworkInfo() on networkType 1
D/dalvikvm(  466): GC_FOR_ALLOC freed 147K, 9% free 6821K/7484K, paused 8ms, total 8ms
I/dalvikvm-heap(  466): Grow heap (frag case) to 8.464MB for 1843212-byte allocation
D/dalvikvm(  466): GC_FOR_ALLOC freed 0K, 8% free 8621K/9288K, paused 13ms, total 13ms
D/dalvikvm(  466): GC_CONCURRENT freed 1K, 8% free 8621K/9288K, paused 2ms+2ms, total 9ms
W/DebugConnManager(  466): getNetworkInfo() on networkType 1
D/dalvikvm(  466): GC_FOR_ALLOC freed 91K, 7% free 8671K/9288K, paused 8ms, total 8ms
I/dalvikvm-heap(  466): Grow heap (frag case) to 10.272MB for 1843212-byte allocation
D/dalvikvm(  466): GC_FOR_ALLOC freed 1K, 6% free 10470K/11092K, paused 14ms, total 14ms
W/DebugConnManager(  466): getNetworkInfo() on networkType 1
W/DebugConnManager(  466): getNetworkInfo() on networkType 1
W/DebugConnManager(  466): getNetworkInfo() on networkType 1
D/dalvikvm(  466): GC_CONCURRENT freed 880K, 8% free 12113K/13044K, paused 1ms+3ms, total 12ms
E/RecyclerView(  466): No adapter attached; skipping layout
E/RecyclerView(  466): No adapter attached; skipping layout
E/RecyclerView(  466): No adapter attached; skipping layout
E/RecyclerView(  466): No adapter attached; skipping layout
E/RecyclerView(  466): No adapter attached; skipping layout
E/RecyclerView(  466): No adapter attached; skipping layout
W/ContextImpl(  466): Calling a method in the system process without a qualified user: android.app.ContextImpl.startService:1492 android.content.ContextWrapper.startService:494 android.content.ContextWrapper.startService:494 com.vphone.launcher.providers.downloads.DownloadReceiver.a:188 com.vphone.launcher.providers.downloads.DownloadReceiver.onReceive:48 
E/local_gps(  162): Can't send RMC command
D/BluetoothAdapter(  440): 1249839632: getState() :  mService = null. Returning STATE_OFF
D/dalvikvm(  466): GC_CONCURRENT freed 1814K, 13% free 13324K/15180K, paused 1ms+1ms, total 10ms
D/dalvikvm(  466): GC_CONCURRENT freed 2668K, 17% free 14127K/16848K, paused 0ms+3ms, total 13ms
D/dalvikvm(  466): WAIT_FOR_CONCURRENT_GC blocked 11ms
D/dalvikvm(  466): WAIT_FOR_CONCURRENT_GC blocked 11ms
D/dalvikvm(  466): WAIT_FOR_CONCURRENT_GC blocked 10ms
D/dalvikvm(  466): GC_CONCURRENT freed 1667K, 10% free 16217K/17932K, paused 0ms+2ms, total 15ms
D/dalvikvm(  466): WAIT_FOR_CONCURRENT_GC blocked 13ms
D/dalvikvm(  466): WAIT_FOR_CONCURRENT_GC blocked 9ms
D/dalvikvm(  466): WAIT_FOR_CONCURRENT_GC blocked 9ms
D/dalvikvm(  466): WAIT_FOR_CONCURRENT_GC blocked 14ms
D/dalvikvm(  466): WAIT_FOR_CONCURRENT_GC blocked 5ms
D/dalvikvm(  466): GC_CONCURRENT freed 2525K, 13% free 18153K/20728K, paused 3ms+2ms, total 36ms
D/dalvikvm(  466): WAIT_FOR_CONCURRENT_GC blocked 22ms
D/dalvikvm(  466): WAIT_FOR_CONCURRENT_GC blocked 23ms
D/dalvikvm(  466): WAIT_FOR_CONCURRENT_GC blocked 21ms
D/dalvikvm(  466): WAIT_FOR_CONCURRENT_GC blocked 23ms
D/dalvikvm(  466): WAIT_FOR_CONCURRENT_GC blocked 21ms
D/dalvikvm(  466): WAIT_FOR_CONCURRENT_GC blocked 31ms
D/dalvikvm(  466): WAIT_FOR_CONCURRENT_GC blocked 31ms
D/dalvikvm(  466): WAIT_FOR_CONCURRENT_GC blocked 31ms
D/dalvikvm(  466): GC_CONCURRENT freed 3112K, 14% free 20146K/23308K, paused 3ms+3ms, total 20ms
D/dalvikvm(  466): WAIT_FOR_CONCURRENT_GC blocked 13ms
D/dalvikvm(  466): WAIT_FOR_CONCURRENT_GC blocked 13ms
D/dalvikvm(  466): WAIT_FOR_CONCURRENT_GC blocked 12ms
D/dalvikvm(  466): WAIT_FOR_CONCURRENT_GC blocked 10ms
D/dalvikvm(  466): WAIT_FOR_CONCURRENT_GC blocked 11ms
D/SettingsProvider(  307): User 0 external modification to /data/data/com.android.providers.settings/databases/settings.db; event=8
D/SettingsProvider(  307): User 0 updating our caches for /data/data/com.android.providers.settings/databases/settings.db
D/dalvikvm(  466): GC_CONCURRENT freed 3209K, 13% free 22706K/25964K, paused 1ms+3ms, total 31ms
D/dalvikvm(  466): WAIT_FOR_CONCURRENT_GC blocked 25ms
D/dalvikvm(  466): WAIT_FOR_CONCURRENT_GC blocked 26ms
D/dalvikvm(  466): WAIT_FOR_CONCURRENT_GC blocked 26ms
D/dalvikvm(  466): WAIT_FOR_CONCURRENT_GC blocked 12ms
D/dalvikvm(  466): WAIT_FOR_CONCURRENT_GC blocked 13ms
D/dalvikvm(  466): WAIT_FOR_CONCURRENT_GC blocked 13ms
D/dalvikvm(  466): GC_CONCURRENT freed 3862K, 14% free 25444K/29356K, paused 8ms+5ms, total 70ms
D/dalvikvm(  466): WAIT_FOR_CONCURRENT_GC blocked 36ms
D/dalvikvm(  466): WAIT_FOR_CONCURRENT_GC blocked 8ms
D/dalvikvm(  466): WAIT_FOR_CONCURRENT_GC blocked 36ms
D/CaptivePortalTracker(  307): DelayedCaptiveCheckState{ when=-10ms what=2 arg1=1 target=com.android.internal.util.StateMachine$SmHandler }
D/ConnectivityService(  307): setProvNotificationVisible: E visible=false networkType=1 extraInfo=null url=null
D/CaptivePortalTracker(  307): Checking http://172.217.161.174/generate_204
W/ActivityThread(  307): ClassLoader.loadClass: The class loader returned by Thread.getContextClassLoader() may fail for processes that host multiple applications. You should explicitly specify a context class loader. For example: Thread.setContextClassLoader(getClass().getClassLoader());
D/AndroidRuntime(  934): 
D/AndroidRuntime(  934): >>>>>> AndroidRuntime START com.android.internal.os.RuntimeInit <<<<<<
D/AndroidRuntime(  934): CheckJNI is OFF
D/dalvikvm(  934): Using executionMode 2
D/dalvikvm(  934): Trying to load lib libjavacore.so 0x0
D/dalvikvm(  934): Added shared lib libjavacore.so 0x0
D/dalvikvm(  934): Trying to load lib libnativehelper.so 0x0
D/dalvikvm(  934): Added shared lib libnativehelper.so 0x0
D/dalvikvm(  934): No JNI_OnLoad found in libnativehelper.so 0x0, skipping init
D/dalvikvm(  934): Note: class Landroid/app/ActivityManagerNative; has 179 unimplemented (abstract) methods
E/memtrack(  934): Couldn't load memtrack module (No such file or directory)
E/android.os.Debug(  934): failed to load memtrack module: -2
D/AndroidRuntime(  934): Calling main entry com.android.commands.am.Am
I/dalvikvm(  466): Could not find method android.app.ActivityManager.removeTask, referenced from method com.vphone.launcher.service.CommonService.a
W/dalvikvm(  466): VFY: unable to resolve virtual method 522: Landroid/app/ActivityManager;.removeTask (I)Z
D/dalvikvm(  466): VFY: replacing opcode 0x6e at 0x0066
D/AndroidRuntime(  934): Shutting down VM
E/cutils-trace(  934): Error opening trace file: No such file or directory (2)
D/dalvikvm(  934): GC_CONCURRENT freed 96K, 15% free 585K/684K, paused 1ms+0ms, total 1ms
D/su      (  948): su invoked.
D/su      (  948): starting daemon client 0 0
D/su      (  950): remote pid: 948
D/su      (  950): remote pts_slave: 
D/su      (  950): waiting for child exit
D/su      (  952): su invoked.
D/su      (  952): Allowing root/system/radio.
D/su      (  952): 0 /system/bin/mksh executing 0 umount /mnt/sdcard/BigNoxGameHD using binary /system/bin/sh : sh -c umount /mnt/sdcard/BigNoxGameHD
D/su      (  950): sending code
D/su      (  950): child exited
D/su      (  948): client exited 1
D/su      (  955): su invoked.
D/su      (  955): starting daemon client 0 0
D/su      (  957): remote pid: 955
D/su      (  957): remote pts_slave: 
D/su      (  957): waiting for child exit
D/su      (  959): su invoked.
D/su      (  959): Allowing root/system/radio.
D/su      (  959): 0 /system/bin/mksh executing 0 mkdir -p /mnt/sdcard/BigNoxGameHD using binary /system/bin/sh : sh -c mkdir -p /mnt/sdcard/BigNoxGameHD
D/su      (  957): sending code
D/su      (  957): child exited
D/su      (  955): client exited 0
D/su      (  962): su invoked.
D/su      (  962): starting daemon client 0 0
D/su      (  964): remote pid: 962
D/su      (  964): remote pts_slave: 
D/su      (  964): waiting for child exit
D/su      (  966): su invoked.
D/su      (  966): Allowing root/system/radio.
D/su      (  966): 0 /system/bin/mksh executing 0 mount.vboxsf -o rw,uid=0,gid=1028 App /mnt/sdcard/BigNoxGameHD using binary /system/bin/sh : sh -c mount.vboxsf -o rw,uid=0,gid=1028 App /mnt/sdcard/BigNoxGameHD
D/su      (  964): sending code
D/su      (  964): child exited
D/su      (  962): client exited 0
D/su      (  970): su invoked.
D/su      (  970): starting daemon client 0 0
D/su      (  972): remote pid: 970
D/su      (  972): remote pts_slave: 
D/su      (  972): waiting for child exit
D/su      (  974): su invoked.
D/su      (  974): Allowing root/system/radio.
D/su      (  974): 0 /system/bin/mksh executing 0 umount /mnt/sdcard/Pictures/Screenshots/img using binary /system/bin/sh : sh -c umount /mnt/sdcard/Pictures/Screenshots/img
D/su      (  972): sending code
D/su      (  972): child exited
D/su      (  970): client exited 1
D/su      (  977): su invoked.
D/su      (  977): starting daemon client 0 0
D/su      (  979): remote pid: 977
D/su      (  979): remote pts_slave: 
D/su      (  979): waiting for child exit
D/su      (  981): su invoked.
D/su      (  981): Allowing root/system/radio.
D/su      (  981): 0 /system/bin/mksh executing 0 mkdir -p /mnt/sdcard/Pictures/Screenshots/img using binary /system/bin/sh : sh -c mkdir -p /mnt/sdcard/Pictures/Screenshots/img
D/su      (  979): sending code
D/su      (  979): child exited
D/su      (  977): client exited 0
D/su      (  984): su invoked.
D/su      (  984): starting daemon client 0 0
D/su      (  986): remote pid: 984
D/su      (  986): remote pts_slave: 
D/su      (  986): waiting for child exit
D/su      (  988): su invoked.
D/su      (  988): Allowing root/system/radio.
D/su      (  988): 0 /system/bin/mksh executing 0 mount.vboxsf -o rw,uid=0,gid=1028 Image /mnt/sdcard/Pictures/Screenshots/img using binary /system/bin/sh : sh -c mount.vboxsf -o rw,uid=0,gid=1028 Image /mnt/sdcard/Pictures/Screenshots/img
D/su      (  986): sending code
D/su      (  986): child exited
D/su      (  984): client exited 0
D/su      (  992): su invoked.
D/su      (  992): starting daemon client 0 0
D/su      (  994): remote pid: 992
D/su      (  994): remote pts_slave: 
D/su      (  994): waiting for child exit
D/su      (  996): su invoked.
D/su      (  996): Allowing root/system/radio.
D/su      (  996): 0 /system/bin/mksh executing 0 umount /mnt/sdcard/Download/other using binary /system/bin/sh : sh -c umount /mnt/sdcard/Download/other
D/su      (  994): sending code
D/su      (  994): child exited
D/su      (  992): client exited 1
D/su      (  999): su invoked.
D/su      (  999): starting daemon client 0 0
D/su      ( 1001): remote pid: 999
D/su      ( 1001): remote pts_slave: 
D/su      ( 1001): waiting for child exit
D/su      ( 1003): su invoked.
D/su      ( 1003): Allowing root/system/radio.
D/su      ( 1003): 0 /system/bin/mksh executing 0 mkdir -p /mnt/sdcard/Download/other using binary /system/bin/sh : sh -c mkdir -p /mnt/sdcard/Download/other
D/su      ( 1001): sending code
D/su      ( 1001): child exited
D/su      (  999): client exited 0
D/su      ( 1006): su invoked.
D/su      ( 1006): starting daemon client 0 0
D/su      ( 1008): remote pid: 1006
D/su      ( 1008): remote pts_slave: 
D/su      ( 1008): waiting for child exit
D/su      ( 1010): su invoked.
D/su      ( 1010): Allowing root/system/radio.
D/su      ( 1010): 0 /system/bin/mksh executing 0 mount.vboxsf -o rw,uid=0,gid=1028 Other /mnt/sdcard/Download/other using binary /system/bin/sh : sh -c mount.vboxsf -o rw,uid=0,gid=1028 Other /mnt/sdcard/Download/other
D/su      ( 1008): sending code
D/su      ( 1008): child exited
D/su      ( 1006): client exited 0
D/su      ( 1014): su invoked.
D/su      ( 1014): starting daemon client 0 0
D/su      ( 1016): remote pid: 1014
D/su      ( 1016): remote pts_slave: 
D/su      ( 1016): waiting for child exit
D/su      ( 1018): su invoked.
D/su      ( 1018): Allowing root/system/radio.
D/su      ( 1018): 0 /system/bin/mksh executing 0 cp -rf /mnt/shared/Image/*.* /mnt/sdcard/Pictures/Screenshots using binary /system/bin/sh : sh -c cp -rf /mnt/shared/Image/*.* /mnt/sdcard/Pictures/Screenshots
D/su      ( 1016): sending code
D/su      ( 1016): child exited
D/su      ( 1014): client exited 1
D/AndroidRuntime( 1020): 
D/AndroidRuntime( 1020): >>>>>> AndroidRuntime START com.android.internal.os.RuntimeInit <<<<<<
D/AndroidRuntime( 1020): CheckJNI is OFF
D/dalvikvm( 1020): Using executionMode 2
D/dalvikvm( 1020): Trying to load lib libjavacore.so 0x0
D/dalvikvm( 1020): Added shared lib libjavacore.so 0x0
D/dalvikvm( 1020): Trying to load lib libnativehelper.so 0x0
D/dalvikvm( 1020): Added shared lib libnativehelper.so 0x0
D/dalvikvm( 1020): No JNI_OnLoad found in libnativehelper.so 0x0, skipping init
D/dalvikvm( 1020): Note: class Landroid/app/ActivityManagerNative; has 179 unimplemented (abstract) methods
E/memtrack( 1020): Couldn't load memtrack module (No such file or directory)
E/android.os.Debug( 1020): failed to load memtrack module: -2
D/AndroidRuntime( 1020): Calling main entry com.android.commands.settings.SettingsCmd
D/AndroidRuntime( 1020): Shutting down VM
E/cutils-trace( 1020): Error opening trace file: No such file or directory (2)
D/dalvikvm( 1020): GC_CONCURRENT freed 95K, 15% free 562K/660K, paused 0ms+0ms, total 1ms
I/ActivityManager(  307): Waited long enough for: ServiceRecord{4a9343b0 u0 com.bignox.app.store.hd/.services.StoreService}
D/AndroidRuntime( 1036): 
D/AndroidRuntime( 1036): >>>>>> AndroidRuntime START com.android.internal.os.RuntimeInit <<<<<<
D/AndroidRuntime( 1036): CheckJNI is OFF
D/dalvikvm( 1036): Using executionMode 2
D/dalvikvm( 1036): Trying to load lib libjavacore.so 0x0
D/dalvikvm( 1036): Added shared lib libjavacore.so 0x0
D/dalvikvm( 1036): Trying to load lib libnativehelper.so 0x0
D/dalvikvm( 1036): Added shared lib libnativehelper.so 0x0
D/dalvikvm( 1036): No JNI_OnLoad found in libnativehelper.so 0x0, skipping init
D/dalvikvm( 1036): Note: class Landroid/app/ActivityManagerNative; has 179 unimplemented (abstract) methods
E/memtrack( 1036): Couldn't load memtrack module (No such file or directory)
E/android.os.Debug( 1036): failed to load memtrack module: -2
D/AndroidRuntime( 1036): Calling main entry com.android.commands.pm.Pm
D/AndroidRuntime( 1036): Shutting down VM
E/cutils-trace( 1036): Error opening trace file: No such file or directory (2)
D/dalvikvm( 1036): GC_CONCURRENT freed 148K, 22% free 567K/720K, paused 0ms+0ms, total 1ms
W/DebugConnManager(  466): getNetworkInfo() on networkType 1
D/CaptivePortalTracker(  307): Probably not a portal: exception java.net.SocketTimeoutException: failed to connect to /172.217.161.174 (port 80) after 10000ms
D/CaptivePortalTracker(  307): Don't send network conditions - lacking user consent.
D/CaptivePortalTracker(  307): Not captive network NetworkInfo: type: WIFI[], state: CONNECTED/CONNECTED, reason: (unspecified), extra: "AndroidAP", roaming: false, failover: false, isAvailable: true, isConnectedToProvisioningNetwork: false
D/CaptivePortalTracker(  307): notifyPortalCheckCompleted: captive=false ni=NetworkInfo: type: WIFI[], state: CONNECTED/CONNECTED, reason: (unspecified), extra: "AndroidAP", roaming: false, failover: false, isAvailable: true, isConnectedToProvisioningNetwork: false
D/ConnectivityService(  307): captivePortalCheckCompleted: ni=NetworkInfo: type: WIFI[], state: CONNECTED/CONNECTED, reason: (unspecified), extra: "AndroidAP", roaming: false, failover: false, isAvailable: true, isConnectedToProvisioningNetwork: false captive=false
D/SettingsProvider(  307): User 0 external modification to /data/data/com.android.providers.settings/databases/settings.db; event=8
D/SettingsProvider(  307): User 0 updating our caches for /data/data/com.android.providers.settings/databases/settings.db
W/WindowManager(  307): updateFocusedWindowLocked, focusedAppToken is null.
W/EGL_emulation(  368): eglSurfaceAttrib not implemented 3093 12436
V/PanelView(  368): animationTick called with dtms=0; nothing to do (h=120.0 v=334.50574)
V/PanelView(  368): animationTick called with dtms=0; nothing to do (h=595.17334 v=-669.4925)
V/PanelView(  368): animationTick called with dtms=-15; nothing to do (h=595.17334 v=-669.4925)
W/InputMethodManagerService(  307): Window already focused, ignoring focus gain of: com.android.internal.view.IInputMethodClient$Stub$Proxy@4a89f8fc attribute=null, token = android.os.BinderProxy@4a8d9f38
W/EGL_emulation(  368): eglSurfaceAttrib not implemented 3093 12436
D/AndroidRuntime( 1075): 
D/AndroidRuntime( 1075): >>>>>> AndroidRuntime START com.android.internal.os.RuntimeInit <<<<<<
D/AndroidRuntime( 1075): CheckJNI is OFF
D/dalvikvm( 1075): Using executionMode 2
D/dalvikvm( 1075): Trying to load lib libjavacore.so 0x0
D/dalvikvm( 1075): Added shared lib libjavacore.so 0x0
D/dalvikvm( 1075): Trying to load lib libnativehelper.so 0x0
D/dalvikvm( 1075): Added shared lib libnativehelper.so 0x0
D/dalvikvm( 1075): No JNI_OnLoad found in libnativehelper.so 0x0, skipping init
D/dalvikvm( 1075): Note: class Landroid/app/ActivityManagerNative; has 179 unimplemented (abstract) methods
E/memtrack( 1075): Couldn't load memtrack module (No such file or directory)
E/android.os.Debug( 1075): failed to load memtrack module: -2
D/AndroidRuntime( 1075): Calling main entry com.android.commands.pm.Pm
D/AndroidRuntime( 1075): Shutting down VM
E/cutils-trace( 1075): Error opening trace file: No such file or directory (2)
D/dalvikvm( 1075): GC_CONCURRENT freed 148K, 22% free 567K/720K, paused 0ms+0ms, total 1ms
W/WindowManager(  307): updateFocusedWindowLocked, focusedAppToken is null.
W/EGL_emulation(  368): eglSurfaceAttrib not implemented 3093 12436
V/PanelView(  368): animationTick called with dtms=0; nothing to do (h=174.75728 v=3815.484)
V/PanelView(  368): animationTick called with dtms=-7; nothing to do (h=174.75728 v=3815.484)
D/SettingsProvider(  307): User 0 external modification to /data/data/com.android.providers.settings/databases/settings.db; event=8
D/SettingsProvider(  307): User 0 updating our caches for /data/data/com.android.providers.settings/databases/settings.db
V/PanelView(  368): animationTick called with dtms=0; nothing to do (h=720.0 v=0.0)
V/PanelView(  368): animationTick called with dtms=0; nothing to do (h=112.84323 v=-1163.6206)
V/PanelView(  368): animationTick called with dtms=-8; nothing to do (h=112.84323 v=-1163.6206)
W/InputMethodManagerService(  307): Window already focused, ignoring focus gain of: com.android.internal.view.IInputMethodClient$Stub$Proxy@4a96015c attribute=null, token = android.os.BinderProxy@4a8d9f38
W/EGL_emulation(  368): eglSurfaceAttrib not implemented 3093 12436
W/WindowManager(  307): updateFocusedWindowLocked, focusedAppToken is null.
W/EGL_emulation(  368): eglSurfaceAttrib not implemented 3093 12436
V/PanelView(  368): animationTick called with dtms=0; nothing to do (h=120.0 v=-184.90761)
W/InputMethodManagerService(  307): Window already focused, ignoring focus gain of: com.android.internal.view.IInputMethodClient$Stub$Proxy@4a8b8db4 attribute=null, token = android.os.BinderProxy@4a8d9f38
W/EGL_emulation(  368): eglSurfaceAttrib not implemented 3093 12436
D/ConnectivityService(  307): Sampling interval elapsed, updating statistics ..
D/ConnectivityService(  307): Done.
D/ConnectivityService(  307): Setting timer for 720seconds
W/DebugConnManager(  466): getNetworkInfo() on networkType 1
W/DebugConnManager(  466): getNetworkInfo() on networkType 1
W/DebugConnManager(  466): getNetworkInfo() on networkType 1
W/DebugConnManager(  466): getNetworkInfo() on networkType 1
W/DebugConnManager(  466): getNetworkInfo() on networkType 1
W/DebugConnManager(  466): getNetworkInfo() on networkType 1
W/DebugConnManager(  466): getNetworkInfo() on networkType 1
W/DebugConnManager(  466): getNetworkInfo() on networkType 1
W/DebugConnManager(  466): getNetworkInfo() on networkType 1
W/DebugConnManager(  466): getNetworkInfo() on networkType 1
W/DebugConnManager(  466): getNetworkInfo() on networkType 1
W/DebugConnManager(  466): getNetworkInfo() on networkType 1
W/DebugConnManager(  466): getNetworkInfo() on networkType 1
W/DebugConnManager(  466): getNetworkInfo() on networkType 1
W/DebugConnManager(  466): getNetworkInfo() on networkType 1
W/DebugConnManager(  466): getNetworkInfo() on networkType 1
W/DebugConnManager(  466): getNetworkInfo() on networkType 1
W/DebugConnManager(  466): getNetworkInfo() on networkType 1
W/DebugConnManager(  466): getNetworkInfo() on networkType 1
W/DebugConnManager(  466): getNetworkInfo() on networkType 1
W/DebugConnManager(  466): getNetworkInfo() on networkType 1
W/DebugConnManager(  466): getNetworkInfo() on networkType 1
W/DebugConnManager(  466): getNetworkInfo() on networkType 1
W/DebugConnManager(  466): getNetworkInfo() on networkType 1
W/DebugConnManager(  466): getNetworkInfo() on networkType 1
W/DebugConnManager(  466): getNetworkInfo() on networkType 1
W/DebugConnManager(  466): getNetworkInfo() on networkType 1
W/DebugConnManager(  466): getNetworkInfo() on networkType 1
W/DebugConnManager(  466): getNetworkInfo() on networkType 1
W/DebugConnManager(  466): getNetworkInfo() on networkType 1
W/DebugConnManager(  466): getNetworkInfo() on networkType 1
W/DebugConnManager(  466): getNetworkInfo() on networkType 1
W/DebugConnManager(  466): getNetworkInfo() on networkType 1
W/DebugConnManager(  466): getNetworkInfo() on networkType 1
W/DebugConnManager(  466): getNetworkInfo() on networkType 1
W/DebugConnManager(  466): getNetworkInfo() on networkType 1
W/DebugConnManager(  466): getNetworkInfo() on networkType 1
W/DebugConnManager(  466): getNetworkInfo() on networkType 1
W/WindowManager(  307): updateFocusedWindowLocked, focusedAppToken is null.
W/EGL_emulation(  368): eglSurfaceAttrib not implemented 3093 12436
W/DebugConnManager(  466): getNetworkInfo() on networkType 1
V/PanelView(  368): animationTick called with dtms=0; nothing to do (h=120.0 v=300.0)
V/PanelView(  368): animationTick called with dtms=0; nothing to do (h=107.850174 v=-906.8225)
V/PanelView(  368): animationTick called with dtms=-3; nothing to do (h=107.850174 v=-906.8225)
W/InputMethodManagerService(  307): Window already focused, ignoring focus gain of: com.android.internal.view.IInputMethodClient$Stub$Proxy@4a966800 attribute=null, token = android.os.BinderProxy@4a8d9f38
W/EGL_emulation(  368): eglSurfaceAttrib not implemented 3093 12436
W/DebugConnManager(  466): getNetworkInfo() on networkType 1
D/SettingsProvider(  307): User 0 external modification to /data/data/com.android.providers.settings/databases/settings.db; event=8
D/SettingsProvider(  307): User 0 updating our caches for /data/data/com.android.providers.settings/databases/settings.db
W/DebugConnManager(  466): getNetworkInfo() on networkType 1
W/DebugConnManager(  466): getNetworkInfo() on networkType 1
W/DebugConnManager(  466): getNetworkInfo() on networkType 1
I/AudioMixer(  170): found effect "Multichannel Downmix To Stereo" from The Android Open Source Project
W/DebugConnManager(  466): getNetworkInfo() on networkType 1
W/DebugConnManager(  466): getNetworkInfo() on networkType 1
W/DebugConnManager(  466): getNetworkInfo() on networkType 1
W/DebugConnManager(  466): getNetworkInfo() on networkType 1
W/DebugConnManager(  466): getNetworkInfo() on networkType 1
W/DebugConnManager(  466): getNetworkInfo() on networkType 1
W/DebugConnManager(  466): getNetworkInfo() on networkType 1
W/DebugConnManager(  466): getNetworkInfo() on networkType 1
W/DebugConnManager(  466): getNetworkInfo() on networkType 1
W/DebugConnManager(  466): getNetworkInfo() on networkType 1
W/DebugConnManager(  466): getNetworkInfo() on networkType 1
W/DebugConnManager(  466): getNetworkInfo() on networkType 1
W/DebugConnManager(  466): getNetworkInfo() on networkType 1
W/DebugConnManager(  466): getNetworkInfo() on networkType 1
W/DebugConnManager(  466): getNetworkInfo() on networkType 1
W/DebugConnManager(  466): getNetworkInfo() on networkType 1
W/DebugConnManager(  466): getNetworkInfo() on networkType 1
W/DebugConnManager(  466): getNetworkInfo() on networkType 1
W/DebugConnManager(  466): getNetworkInfo() on networkType 1
W/DebugConnManager(  466): getNetworkInfo() on networkType 1
W/DebugConnManager(  466): getNetworkInfo() on networkType 1
W/DebugConnManager(  466): getNetworkInfo() on networkType 1
W/DebugConnManager(  466): getNetworkInfo() on networkType 1
W/DebugConnManager(  466): getNetworkInfo() on networkType 1
W/DebugConnManager(  466): getNetworkInfo() on networkType 1
W/DebugConnManager(  466): getNetworkInfo() on networkType 1
W/DebugConnManager(  466): getNetworkInfo() on networkType 1
W/DebugConnManager(  466): getNetworkInfo() on networkType 1
W/DebugConnManager(  466): getNetworkInfo() on networkType 1
D/dalvikvm(  466): GC_CONCURRENT freed 7008K, 22% free 25899K/32960K, paused 2ms+3ms, total 21ms
W/DebugConnManager(  466): getNetworkInfo() on networkType 1
D/SettingsProvider(  307): User 0 external modification to /data/data/com.android.providers.settings/databases/settings.db; event=8
D/SettingsProvider(  307): User 0 updating our caches for /data/data/com.android.providers.settings/databases/settings.db
D/dalvikvm(  307): GC_CONCURRENT freed 525K, 10% free 5510K/6096K, paused 1ms+1ms, total 15ms
D/dalvikvm(  466): No JNI_OnLoad found in /system/lib/libxl_thunder_sdk.so 0x94fda788, skipping init
D/dalvikvm(  466): No JNI_OnLoad found in /system/lib/libvphone_xl_thunder_iface.so 0x94fda788, skipping init
I/XLUtil  (  466): loadAndParseFile start
I/XLUtil  (  466): loadAndParseFile end
I/XLDownloadManager(  466): Peerid:MTgzREEyRDc3OUQ2MDBYWQ==
I/XLDownloadManager(  466): Guid:MzU1NzU3MDEwMTg2MTE4XzE4M0RBMkQ3NzlENg==
I/XLDownloadManager(  466): doMonitorNetworkChange()
I/XLDownloadManager(  466): register Receiver
W/DebugConnManager(  466): getNetworkInfo() on networkType 1
D/XLDownloadManager(  466): NetworkChangeHandlerThread nettype=9
D/XLDownloadManager(  466): NetworkChangeHandlerThread bssid=18:3D:A2:D7:79:D6
W/Launcher(  466): setApplicationContext called twice! old=com.vphone.launcher.LauncherApplication@4a7ee0a8 new=com.vphone.launcher.LauncherApplication@4a7ee0a8
D/Launcher.Model(  466): 11683562 - loadWorkspaceScreensDb()
D/Launcher.Model(  466): 11683562 -   screens: { 0: 1 }
D/Launcher.Model(  466): 11683562 - updateWorkspaceScreenOrder()
D/Launcher.Model(  466): 11683562 -   screens: 1
D/Launcher(  466): 11683562 - bindAddScreens()
D/Launcher(  466): 11683562 -   orderedScreenIds: 
D/Launcher.Workspace(  466): 11683562 - removeExtraEmptyScreen()
D/Launcher.Workspace(  466): 11683562 - convertFinalScreenToEmptyScreenIfNecessary()
W/DebugConnManager(  466): getNetworkInfo() on networkType 1
W/DebugConnManager(  466): getNetworkInfo() on networkType 1
W/DebugConnManager(  466): getNetworkInfo() on networkType 1
W/DebugConnManager(  466): getNetworkInfo() on networkType 1
W/DebugConnManager(  466): getNetworkInfo() on networkType 1
W/DebugConnManager(  466): getNetworkInfo() on networkType 1
D/SettingsProvider(  307): User 0 external modification to /data/data/com.android.providers.settings/databases/settings.db; event=8
D/SettingsProvider(  307): User 0 updating our caches for /data/data/com.android.providers.settings/databases/settings.db
W/DebugConnManager(  466): getNetworkInfo() on networkType 1
W/DebugConnManager(  466): getNetworkInfo() on networkType 1
W/DebugConnManager(  466): getNetworkInfo() on networkType 1
W/DebugConnManager(  466): getNetworkInfo() on networkType 1
W/DebugConnManager(  466): getNetworkInfo() on networkType 1
W/DebugConnManager(  466): getNetworkInfo() on networkType 1
W/DebugConnManager(  466): getNetworkInfo() on networkType 1
W/DebugConnManager(  466): getNetworkInfo() on networkType 1
W/DebugConnManager(  466): getNetworkInfo() on networkType 1
W/DebugConnManager(  466): getNetworkInfo() on networkType 1
W/DebugConnManager(  466): getNetworkInfo() on networkType 1
W/DebugConnManager(  466): getNetworkInfo() on networkType 1
W/DebugConnManager(  466): getNetworkInfo() on networkType 1
W/DebugConnManager(  466): getNetworkInfo() on networkType 1
W/DebugConnManager(  466): getNetworkInfo() on networkType 1
W/DebugConnManager(  466): getNetworkInfo() on networkType 1
I/Choreographer(  466): Skipped 132 frames!  The application may be doing too much work on its main thread.
W/DebugConnManager(  466): getNetworkInfo() on networkType 1
W/DebugConnManager(  466): getNetworkInfo() on networkType 1
W/DebugConnManager(  466): getNetworkInfo() on networkType 1
W/DebugConnManager(  466): getNetworkInfo() on networkType 1
W/DebugConnManager(  466): getNetworkInfo() on networkType 1
W/DebugConnManager(  466): getNetworkInfo() on networkType 1
W/DebugConnManager(  466): getNetworkInfo() on networkType 1
W/DebugConnManager(  466): getNetworkInfo() on networkType 1
W/DebugConnManager(  466): getNetworkInfo() on networkType 1
W/DebugConnManager(  466): getNetworkInfo() on networkType 1
W/DebugConnManager(  466): getNetworkInfo() on networkType 1
W/DebugConnManager(  466): getNetworkInfo() on networkType 1
W/DebugConnManager(  466): getNetworkInfo() on networkType 1
