W/PackageManager(  307): Not granting permission android.permission.MOUNT_UNMOUNT_FILESYSTEMS to package com.lemon.lemonban (protectionLevel=18 flags=0x248be44)
W/PackageManager(  307): Unknown permission com.android.launcher.permission.READ_SETTINGS in package com.bignox.app.store.hd
W/PackageManager(  307): Unknown permission com.android.launcher.permission.WRITE_SETTINGS in package com.bignox.app.store.hd
D/EventHub(  307): No input device configuration file found for device 'Sleep Button'.
W/EventHub(  307): Unable to disable kernel key repeat for /dev/input/event1: Function not implemented
I/EventHub(  307): Virtual keyboard mode is |0] [0]
I/EventHub(  307): Vrtual keyboard is set to Hardware mode
I/EventHub(  307): New device: id=5, fd=108, path='/dev/input/event1', name='Sleep Button', classes=0x1, configuration='', keyLayout='/system/usr/keylayout/Generic.kl', keyCharacterMap='/system/usr/keychars/Generic.kcm', builtinKeyboard=false, usingSuspendBlockIoctl=true, usingClockIoctl=true
D/EventHub(  307): No input device configuration file found for device 'Power Button'.
W/EventHub(  307): Unable to disable kernel key repeat for /dev/input/event0: Function not implemented
I/EventHub(  307): Virtual keyboard mode is |0] [0]
I/EventHub(  307): Vrtual keyboard is set to Hardware mode
I/EventHub(  307): New device: id=6, fd=109, path='/dev/input/event0', name='Power Button', classes=0x1, configuration='', keyLayout='/system/usr/keylayout/Generic.kl', keyCharacterMap='/system/usr/keychars/Generic.kcm', builtinKeyboard=false, usingSuspendBlockIoctl=true, usingClockIoctl=true
E/EventHub(  307): could not get driver version for /dev/input/mouse0, Not a typewriter
D/dalvikvm(  307): GC_CONCURRENT freed 267K, 7% free 4643K/4968K, paused 2ms+3ms, total 16ms
D/WifiController(  307): WifiController msg { when=0 what=155656 target=com.android.internal.util.StateMachine$SmHandler } deferred for 492ms
I/SystemServer(  307): Connectivity Service
D/ConnectivityService(  307): ConnectivityService starting up
D/ConnectivityService(  307): wifiOnly=false
E/ConnectivityService(  307): Ignoring protectedNetwork 10
E/ConnectivityService(  307): Ignoring protectedNetwork 11
E/ConnectivityService(  307): Ignoring protectedNetwork 12
E/ConnectivityService(  307): Ignoring protectedNetwork 14
E/MobileDataStateTracker(  307): default: Ignoring feature request because could not acquire PhoneService
E/MobileDataStateTracker(  307): default: Could not enable APN type "default"
I/WifiService(  307): WifiService starting up with Wi-Fi enabled
D/WifiService(  307): setWifiEnabled: true pid=307, uid=1000
I/SystemServer(  307): Network Service Discovery Service
I/EventHub(  307): ignoring event id /dev/input/event3 driver ImExPS/2 Generic Explorer Mouse
D/NsdService(  307): Network service discovery enabled true
I/SystemServer(  307): UpdateLock Service
I/SystemServer(  307): Notification Manager
I/SystemServer(  307): Device Storage Monitor
I/SystemServer(  307): Location Manager
I/SystemServer(  307): Country Detector
I/SystemServer(  307): Search Service
I/SystemServer(  307): DropBox Service
I/SystemServer(  307): Wallpaper Service
D/EventHub(  307): No input device configuration file found for device 'AT Translated Set 2 keyboard'.
I/EventHub(  307): Virtual keyboard mode is |0] [0]
I/EventHub(  307): Vrtual keyboard is set to Hardware mode
I/EventHub(  307): New device: id=7, fd=125, path='/dev/input/event2', name='AT Translated Set 2 keyboard', classes=0x3, configuration='', keyLayout='/system/usr/keylayout/AT_Translated_Set_2_keyboard.kl', keyCharacterMap='/system/usr/keychars/Generic.kcm', builtinKeyboard=false, usingSuspendBlockIoctl=true, usingClockIoctl=true
E/EventHub(  307): could not get driver version for /dev/input/mice, Not a typewriter
I/SystemServer(  307): Audio Service
D/dalvikvm(  307): GC_CONCURRENT freed 252K, 7% free 4822K/5136K, paused 2ms+1ms, total 11ms
I/SystemServer(  307): Dock Observer
W/DockObserver(  307): This kernel does not have dock station support
I/SystemServer(  307): Wired Accessory Manager
W/WiredAccessoryManager(  307): This kernel does not have wired headset support
W/WiredAccessoryManager(  307): This kernel does not have usb audio support
W/WiredAccessoryManager(  307): This kernel does not have HDMI audio support
I/SystemServer(  307): USB Service
I/SystemServer(  307): Serial Service
I/SystemServer(  307): Twilight Service
I/SystemServer(  307): UI Mode Manager Service
I/SystemServer(  307): Backup Service
V/BackupManagerService(  307): Initializing package tracking
V/BackupManagerService(  307): No ancestral data
V/BackupManagerService(  307): addPackageParticipantsLocked: all
I/BackupManagerService(  307): Scheduling backup for new app android
D/BackupManagerService(  307): Now staging backup of android
I/BackupManagerService(  307): Scheduling backup for new app com.android.browser
D/BackupManagerService(  307): Now staging backup of com.android.browser
I/BackupManagerService(  307): Scheduling backup for new app com.android.providers.userdictionary
D/BackupManagerService(  307): Now staging backup of com.android.providers.userdictionary
I/BackupManagerService(  307): Scheduling backup for new app com.android.sharedstoragebackup
D/BackupManagerService(  307): Now staging backup of com.android.sharedstoragebackup
I/BackupManagerService(  307): Scheduling backup for new app com.android.providers.settings
D/BackupManagerService(  307): Now staging backup of com.android.providers.settings
V/BackupManagerService(  307): Starting with transport android/com.android.internal.backup.LocalTransport
V/BackupManagerService(  307): Found transports: 1
I/BackupManagerService(  307): Binding to transport host ComponentInfo{android/com.android.internal.backup.LocalTransportService}
I/BackupManagerService(  307): Found stale backup journal, scheduling
I/BackupManagerService(  307):   android
I/BackupManagerService(  307):   com.android.browser
I/BackupManagerService(  307):   com.android.providers.userdictionary
I/BackupManagerService(  307):   com.android.sharedstoragebackup
I/BackupManagerService(  307):   com.android.providers.settings
I/BackupManagerService(  307): Backup enabled => false
I/BackupManagerService(  307): Opting out of backup
I/SystemServer(  307): AppWidget Service
I/SystemServer(  307): Recognition Service
I/SystemServer(  307): DiskStats Service
I/SystemServer(  307): SamplingProfiler Service
I/SystemServer(  307): NetworkTimeUpdateService
I/SystemServer(  307): CommonTimeManagementService
I/SystemServer(  307): CertBlacklister
I/SystemServer(  307): Dreams Service
E/EventHub(  307): could not get driver version for /dev/input/mouse1, Not a typewriter
I/SystemServer(  307): Assets Atlas Service
I/SystemServer(  307): IdleMaintenanceService
I/SystemServer(  307): Print Service
I/SystemServer(  307): Media Router Service
D/Atlas   (  307): Loaded configuration: SliceMinArea (768x768) flags=0x2 count=25
D/        (  167): HostConnection::get() New Host Connection established 0xb7b1e330, tid 345
D/EventHub(  307): No input device configuration file found for device 'VirtualBox USB Tablet'.
I/EventHub(  307): New device: id=8, fd=132, path='/dev/input/event4', name='VirtualBox USB Tablet', classes=0x80000004, configuration='', keyLayout='', keyCharacterMap='', builtinKeyboard=false, usingSuspendBlockIoctl=true, usingClockIoctl=true
I/InputReader(  307): Device added: id=-1, name='Virtual', sources=0x00000301
I/InputReader(  307):   Touch device 'VirtualBox USB Tablet' could not query the properties of its associated display.  The device will be inoperable until the display size becomes available.
I/InputReader(  307): Device added: id=8, name='VirtualBox USB Tablet', sources=0x00001002
I/InputReader(  307): Device added: id=7, name='AT Translated Set 2 keyboard', sources=0x00000101
I/InputReader(  307): Device added: id=6, name='Power Button', sources=0x00000101
I/InputReader(  307): Device added: id=5, name='Sleep Button', sources=0x00000101
I/InputReader(  307): Device added: id=4, name='mouse', sources=0x00002002
I/InputReader(  307):   Touch device 'seamless mouse' could not query the properties of its associated display.  The device will be inoperable until the display size becomes available.
I/InputReader(  307): Device added: id=3, name='seamless mouse', sources=0x00001002
I/InputReader(  307): Device added: id=2, name='gpio-keys', sources=0x80000101
I/InputReader(  307):   Touch device 'Android Input' could not query the properties of its associated display.  The device will be inoperable until the display size becomes available.
I/InputReader(  307): Device added: id=1, name='Android Input', sources=0x00001303
I/InputReader(  307): Reconfiguring input devices.  changes=0x00000004
I/InputReader(  307): Device reconfigured: id=1, name='Android Input', size 1280x720, orientation 0, mode 1, display id 0
I/InputReader(  307): Device reconfigured: id=3, name='seamless mouse', size 1280x720, orientation 0, mode 1, display id 0
I/InputReader(  307): Device reconfigured: id=8, name='VirtualBox USB Tablet', size 1280x720, orientation 0, mode 1, display id 0
I/WindowManager(  307): SAFE MODE not enabled
I/ActivityManager(  307): Config changes=78 {1.0 460mcc7mnc zh_CN ldltr sw480dp w853dp h454dp 240dpi lrg long land ?uimode ?night finger qwerty/v/v dpad/v s.4}
W/WindowManager(  307): updateFocusedWindowLocked, focusedAppToken is null.
I/Zygote  (  307): Process: zygote socket opened
V/KeyguardServiceDelegate(  307): *** Keyguard started
V/KeyguardServiceDelegate(  307): onSystemReady() called before keyguard service was ready
I/ActivityManager(  307): Start proc com.android.systemui for service com.android.keyguard/.KeyguardService: pid=368 uid=10006 gids={50006, 1028, 1015, 1023, 1035, 3002, 3001}
I/dalvikvm(  307): ignoring registerObject request in thread=1
I/dalvikvm(  307): ignoring registerObject request in thread=1
W/libsuspend(  307): Error writing 'on' to /sys/power/state: Invalid argument
E/libsuspend(  307): Error opening /sys/power/autosleep: No such file or directory
E/libsuspend(  307): Error opening /sys/power/wakeup_count: Permission denied
E/libsuspend(  307): failed to initialize autosuspend
I/dalvikvm(  368): ignoring registerObject request in thread=1
I/dalvikvm(  368): ignoring registerObject request in thread=1
D/        (  307): HostConnection::get() New Host Connection established 0xb7d8d850, tid 367
D/dalvikvm(  307): GC_CONCURRENT freed 229K, 6% free 5031K/5316K, paused 2ms+1ms, total 20ms
D/libEGL  (  307): loaded /system/lib/egl/libEGL_adreno.so
I/AppOps  (  307): Pruning old package root/0: new uid=-1
I/AppOps  (  307): Pruning old package media/1013: new uid=-1
I/ActivityManager(  307): System now ready
I/SystemServer(  307): Making services ready
D/libEGL  (  307): loaded /system/lib/egl/libGLESv1_CM_adreno.so
D/libEGL  (  307): loaded /system/lib/egl/libGLESv2_adreno.so
D/NetworkManagementService(  307): enabling bandwidth control
W/MountService(  307): Duplicate state transition (mounted -> mounted) for /storage/emulated/0
E/EGL_emulation(  307): egl: destroying current context refused
I/iptables(  163): iptables: No chain/target/match by that name.
I/iptables(  163): iptables terminated by exit(1)
E/BandwidthController(  163): runIptablesCmd(): res=1 status=256 failed /system/bin/iptables -A bw_INPUT -m owner --socket-exists
I/ip6tables(  163): ip6tables terminated by exit(1)
E/BandwidthController(  163): runIptablesCmd(): res=1 status=256 failed /system/bin/ip6tables -A bw_INPUT -m owner --socket-exists
F/NetworkManagementService(  307): problem enabling bandwidth controls
F/NetworkManagementService(  307): com.android.server.NativeDaemonConnector$NativeDaemonFailureException: command '1 bandwidth enable' failed with '400 1 Bandwidth command failed'
F/NetworkManagementService(  307): 	at com.android.server.NativeDaemonConnector.execute(NativeDaemonConnector.java:392)
F/NetworkManagementService(  307): 	at com.android.server.NativeDaemonConnector.executeForList(NativeDaemonConnector.java:328)
F/NetworkManagementService(  307): 	at com.android.server.NativeDaemonConnector.execute(NativeDaemonConnector.java:293)
F/NetworkManagementService(  307): 	at com.android.server.NetworkManagementService.prepareNativeDaemon(NetworkManagementService.java:348)
F/NetworkManagementService(  307): 	at com.android.server.NetworkManagementService.systemReady(NetworkManagementService.java:224)
F/NetworkManagementService(  307): 	at com.android.server.ServerThread$2.run(SystemServer.java:962)
F/NetworkManagementService(  307): 	at com.android.server.am.ActivityManagerService.systemReady(ActivityManagerService.java:9393)
F/NetworkManagementService(  307): 	at com.android.server.ServerThread.initAndLoop(SystemServer.java:939)
F/NetworkManagementService(  307): 	at com.android.server.SystemServer.main(SystemServer.java:1209)
F/NetworkManagementService(  307): 	at java.lang.reflect.Method.invokeNative(Native Method)
F/NetworkManagementService(  307): 	at java.lang.reflect.Method.invoke(Method.java:515)
F/NetworkManagementService(  307): 	at com.android.internal.os.ZygoteInit$MethodAndArgsCaller.run(ZygoteInit.java:779)
F/NetworkManagementService(  307): 	at com.android.internal.os.ZygoteInit.main(ZygoteInit.java:595)
F/NetworkManagementService(  307): 	at dalvik.system.NativeStart.main(Native Method)
W/libEGL  (  307): eglTerminate() called w/ 1 objects remaining
D/Atlas   (  307): Rendered atlas in 106.87ms (1.16+105.71ms)
I/ip6tables(  163): ip6tables: No chain/target/match by that name.
V/KeyguardService(  368): onCreate()
I/iptables(  163): iptables: No chain/target/match by that name.
I/iptables(  163): iptables terminated by exit(1)
E/Netd    (  163): exec() res=0, status=256 for /system/bin/iptables -F fw_INPUT 
I/ip6tables(  163): ip6tables: No chain/target/match by that name.
I/ip6tables(  163): ip6tables terminated by exit(1)
E/Netd    (  163): exec() res=0, status=256 for /system/bin/ip6tables -F fw_INPUT 
I/iptables(  163): iptables: No chain/target/match by that name.
I/iptables(  163): iptables terminated by exit(1)
E/Netd    (  163): exec() res=0, status=256 for /system/bin/iptables -F fw_OUTPUT 
I/ip6tables(  163): ip6tables: No chain/target/match by that name.
I/ip6tables(  163): ip6tables terminated by exit(1)
E/Netd    (  163): exec() res=0, status=256 for /system/bin/ip6tables -F fw_OUTPUT 
I/iptables(  163): iptables: No chain/target/match by that name.
I/iptables(  163): iptables terminated by exit(1)
E/Netd    (  163): exec() res=0, status=256 for /system/bin/iptables -F fw_FORWARD 
I/ip6tables(  163): ip6tables: No chain/target/match by that name.
I/ip6tables(  163): ip6tables terminated by exit(1)
E/Netd    (  163): exec() res=0, status=256 for /system/bin/ip6tables -F fw_FORWARD 
W/SystemServer(  307): ***********************************************
F/SystemServer(  307): BOOT FAILURE making Network Managment Service ready
F/SystemServer(  307): java.lang.IllegalStateException: command '2 firewall disable' failed with '400 2 Firewall command failed'
F/SystemServer(  307): 	at com.android.server.NetworkManagementService.setFirewallEnabled(NetworkManagementService.java:1617)
F/SystemServer(  307): 	at com.android.server.NetworkManagementService.prepareNativeDaemon(NetworkManagementService.java:401)
F/SystemServer(  307): 	at com.android.server.NetworkManagementService.systemReady(NetworkManagementService.java:224)
F/SystemServer(  307): 	at com.android.server.ServerThread$2.run(SystemServer.java:962)
F/SystemServer(  307): 	at com.android.server.am.ActivityManagerService.systemReady(ActivityManagerService.java:9393)
F/SystemServer(  307): 	at com.android.server.ServerThread.initAndLoop(SystemServer.java:939)
F/SystemServer(  307): 	at com.android.server.SystemServer.main(SystemServer.java:1209)
F/SystemServer(  307): 	at java.lang.reflect.Method.invokeNative(Native Method)
F/SystemServer(  307): 	at java.lang.reflect.Method.invoke(Method.java:515)
F/SystemServer(  307): 	at com.android.internal.os.ZygoteInit$MethodAndArgsCaller.run(ZygoteInit.java:779)
F/SystemServer(  307): 	at com.android.internal.os.ZygoteInit.main(ZygoteInit.java:595)
F/SystemServer(  307): 	at dalvik.system.NativeStart.main(Native Method)
F/SystemServer(  307): Caused by: com.android.server.NativeDaemonConnector$NativeDaemonFailureException: command '2 firewall disable' failed with '400 2 Firewall command failed'
F/SystemServer(  307): 	at com.android.server.NativeDaemonConnector.execute(NativeDaemonConnector.java:392)
F/SystemServer(  307): 	at com.android.server.NativeDaemonConnector.executeForList(NativeDaemonConnector.java:328)
F/SystemServer(  307): 	at com.android.server.NativeDaemonConnector.execute(NativeDaemonConnector.java:293)
F/SystemServer(  307): 	at com.android.server.NetworkManagementService.setFirewallEnabled(NetworkManagementService.java:1614)
F/SystemServer(  307): 	... 11 more
W/NetworkStats(  307): bandwidth controls disabled, unable to track stats
W/NetworkPolicy(  307): bandwidth controls disabled, unable to enforce policy
D/SystemUIService(  368): loading: class com.android.systemui.recent.Recents
D/SystemUIService(  368): running: com.android.systemui.recent.Recents@4a7f5750
D/SystemUIService(  368): loading: class com.android.systemui.statusbar.SystemBars
D/SystemUIService(  368): running: com.android.systemui.statusbar.SystemBars@4a7f5a20
D/SystemUIService(  368): loading: class com.android.systemui.usb.StorageNotification
D/SystemUIService(  368): running: com.android.systemui.usb.StorageNotification@4a7f69b0
D/SystemUIService(  368): loading: class com.android.systemui.power.PowerUI
D/SystemUIService(  368): running: com.android.systemui.power.PowerUI@4a7f7510
I/iptables(  163): iptables: No chain/target/match by that name.
I/iptables(  163): iptables terminated by exit(1)
E/Netd    (  163): exec() res=0, status=256 for /system/bin/iptables -F fw_INPUT 
D/SystemUIService(  368): loading: class com.android.systemui.media.RingtonePlayer
D/SystemUIService(  368): running: com.android.systemui.media.RingtonePlayer@4a7f7e48
D/SystemUIService(  368): loading: class com.android.systemui.settings.SettingsUI
D/SystemUIService(  368): running: com.android.systemui.settings.SettingsUI@4a7f877c
I/ip6tables(  163): ip6tables: No chain/target/match by that name.
I/ip6tables(  163): ip6tables terminated by exit(1)
E/Netd    (  163): exec() res=0, status=256 for /system/bin/ip6tables -F fw_INPUT 
D/PhoneStatusBar(  368): mSettingsPanelGravity = 55
I/iptables(  163): iptables: No chain/target/match by that name.
I/iptables(  163): iptables terminated by exit(1)
E/Netd    (  163): exec() res=0, status=256 for /system/bin/iptables -F fw_OUTPUT 
I/StatusBarManagerService(  307): registerStatusBar bar=com.android.internal.statusbar.IStatusBar$Stub$Proxy@4a81b914
I/ip6tables(  163): ip6tables: No chain/target/match by that name.
I/ip6tables(  163): ip6tables terminated by exit(1)
E/Netd    (  163): exec() res=0, status=256 for /system/bin/ip6tables -F fw_OUTPUT 
I/iptables(  163): iptables: No chain/target/match by that name.
I/iptables(  163): iptables terminated by exit(1)
E/Netd    (  163): exec() res=0, status=256 for /system/bin/iptables -F fw_FORWARD 
I/ip6tables(  163): ip6tables: No chain/target/match by that name.
I/ip6tables(  163): ip6tables terminated by exit(1)
E/Netd    (  163): exec() res=0, status=256 for /system/bin/ip6tables -F fw_FORWARD 
F/SystemServer(  307): BOOT FAILURE making Connectivity Service ready
F/SystemServer(  307): java.lang.IllegalStateException: command '3 firewall disable' failed with '400 3 Firewall command failed'
F/SystemServer(  307): 	at com.android.server.NetworkManagementService.setFirewallEnabled(NetworkManagementService.java:1617)
F/SystemServer(  307): 	at com.android.server.ConnectivityService.setLockdownTracker(ConnectivityService.java:3908)
F/SystemServer(  307): 	at com.android.server.ConnectivityService.updateLockdownVpn(ConnectivityService.java:3883)
F/SystemServer(  307): 	at com.android.server.ConnectivityService.systemReady(ConnectivityService.java:2235)
F/SystemServer(  307): 	at com.android.server.ServerThread$2.run(SystemServer.java:977)
F/SystemServer(  307): 	at com.android.server.am.ActivityManagerService.systemReady(ActivityManagerService.java:9393)
F/SystemServer(  307): 	at com.android.server.ServerThread.initAndLoop(SystemServer.java:939)
F/SystemServer(  307): 	at com.android.server.SystemServer.main(SystemServer.java:1209)
F/SystemServer(  307): 	at java.lang.reflect.Method.invokeNative(Native Method)
F/SystemServer(  307): 	at java.lang.reflect.Method.invoke(Method.java:515)
F/SystemServer(  307): 	at com.android.internal.os.ZygoteInit$MethodAndArgsCaller.run(ZygoteInit.java:779)
F/SystemServer(  307): 	at com.android.internal.os.ZygoteInit.main(ZygoteInit.java:595)
F/SystemServer(  307): 	at dalvik.system.NativeStart.main(Native Method)
F/SystemServer(  307): Caused by: com.android.server.NativeDaemonConnector$NativeDaemonFailureException: command '3 firewall disable' failed with '400 3 Firewall command failed'
F/SystemServer(  307): 	at com.android.server.NativeDaemonConnector.execute(NativeDaemonConnector.java:392)
F/SystemServer(  307): 	at com.android.server.NativeDaemonConnector.executeForList(NativeDaemonConnector.java:328)
F/SystemServer(  307): 	at com.android.server.NativeDaemonConnector.execute(NativeDaemonConnector.java:293)
F/SystemServer(  307): 	at com.android.server.NetworkManagementService.setFirewallEnabled(NetworkManagementService.java:1614)
F/SystemServer(  307): 	... 12 more
W/SystemServer(  307): ***********************************************
I/ActivityManager(  307): Config changes=200 {1.0 460mcc7mnc zh_CN ldltr sw480dp w853dp h454dp 240dpi lrg long land finger qwerty/v/v dpad/v s.5}
W/RecognitionManagerService(  307): no available voice recognition services found for user 0
E/WVMExtractor(  170): Failed to open libwvm.so
W/ContextImpl(  307): Calling a method in the system process without a qualified user: android.app.ContextImpl.sendBroadcast:1123 com.android.server.usb.UsbSettingsManager.deviceAttached:621 com.android.server.usb.UsbHostManager.usbDeviceAdded:156 com.android.server.usb.UsbHostManager.monitorUsbHostBus:-2 com.android.server.usb.UsbHostManager.access$000:38 
D/WifiController(  307): DEFERRED_TOGGLE handled
E/WifiStateMachine(  307): Failed to reload STA firmware java.lang.IllegalArgumentException: command '4 softap fwreload eth1 STA' failed with '501 4 SoftAP command has failed'
D/CommandListener(  163): Setting iface cfg
D/CommandListener(  163): Trying to bring down eth1
E/Netd    (  163): Failed to open /proc/sys/net/ipv6/conf/eth1/use_tempaddr: No such file or directory
E/WifiStateMachine(  307): Unable to change interface settings: java.lang.IllegalStateException: command '7 interface ipv6privacyextensions eth1 enable' failed with '400 7 Failed to set ipv6 privacy extensions (No such file or directory)'
E/cutils-trace(  170): Error opening trace file: No such file or directory (2)
D/dalvikvm(  307): GC_CONCURRENT freed 385K, 9% free 5076K/5524K, paused 0ms+1ms, total 5ms
D/dalvikvm(  368): JIT code cache reset in 0 ms (0 bytes 1/0)
D/dalvikvm(  368): GC_CONCURRENT freed 144K, 6% free 3146K/3340K, paused 1ms+0ms, total 5ms
D/dalvikvm(  368): WAIT_FOR_CONCURRENT_GC blocked 2ms
I/dalvikvm-heap(  368): Grow heap (frag case) to 3.725MB for 635808-byte allocation
D/dalvikvm(  368): GC_FOR_ALLOC freed 4K, 6% free 3763K/3964K, paused 4ms, total 4ms
D/dalvikvm(  368): GC_CONCURRENT freed <1K, 6% free 3763K/3964K, paused 2ms+1ms, total 5ms
W/InputMethodManagerService(  307): Ignoring setImeWindowStatus of uid 1000 token: null
I/dalvikvm(  429): ignoring registerObject request in thread=1
I/dalvikvm(  429): ignoring registerObject request in thread=1
I/ActivityManager(  307): Start proc com.example.android.softkeyboard for service com.example.android.softkeyboard/.SoftKeyboard: pid=429 uid=10025 gids={50025}
V/InputMethodManagerService(  307): Adding window token: android.os.Binder@4a8e8e40
D/WifiMonitor(  307): startMonitoring(eth1) with mConnected = false
I/dalvikvm(  440): ignoring registerObject request in thread=1
I/dalvikvm(  440): ignoring registerObject request in thread=1
I/ActivityManager(  307): Start proc com.android.settings for broadcast com.android.settings/.widget.SettingsAppWidgetProvider: pid=440 uid=1000 gids={41000, 1028, 1015, 1023, 3002, 3001, 3003, 1007}
I/wpa_supplicant(  424): Successfully initialized wpa_supplicant
W/ServiceWatcher(  307): com.google.android.gms not found
W/ServiceWatcher(  307): com.google.android.gms not found
W/ServiceWatcher(  307): com.google.android.gms not found
W/ServiceWatcher(  307): com.google.android.gms not found
E/FlpHardwareProvider(  307): Error hw_get_module 'flp': -2
W/ServiceWatcher(  307): com.google.android.gms not found
E/FlpHardwareProvider(  307): Error hw_get_module 'flp': -2
W/ServiceWatcher(  307): com.google.android.gms not found
W/LocationManagerService(  307): no network location provider found
E/LocationManagerService(  307): no geocoder provider found
E/LocationManagerService(  307): No FusedProvider found.
E/LocationManagerService(  307): no geofence provider found
D/BluetoothManagerService(  307): Message: 20
D/BluetoothManagerService(  307): Added callback: android.bluetooth.IBluetoothManagerCallback$Stub$Proxy@4a8e00dc:true
E/GpsLocationProvider(  307): no AGPS interface in set_agps_server
D/BluetoothAdapter(  368): 1249846480: getState() :  mService = null. Returning STATE_OFF
D/BluetoothAdapter(  368): 1249846480: getState() :  mService = null. Returning STATE_OFF
I/CommonTimeManagementService(  307): No common time service detected on this platform.  Common time services will be unavailable.
I/InputReader(  307): Reconfiguring input devices.  changes=0x00000020
I/InputReader(  307): Reconfiguring input devices.  changes=0x00000010
I/ActivityManager(  307): Start proc com.android.phone for added application com.android.phone: pid=456 uid=1001 gids={41001, 3002, 3001, 3003, 1028, 1015, 1023}
I/ActivityManager(  307): START u0 {act=android.intent.action.MAIN cat=[android.intent.category.HOME] flg=0x10000000 cmp=com.vphone.launcher/.Launcher} from pid 0
W/SocketClient(  163): write error (Broken pipe)
D/BluetoothAdapter(  368): 1249846480: getState() :  mService = null. Returning STATE_OFF
I/ActivityManager(  307): Start proc com.vphone.launcher for activity com.vphone.launcher/.Launcher: pid=466 uid=1000 gids={41000, 1028, 1015, 1023, 3002, 3001, 3003, 1007}
W/ActivityManager(  307): Unable to start service Intent { cmp=com.android.printspooler/.PrintSpoolerService } U=0: not found
I/Choreographer(  307): Skipped 47 frames!  The application may be doing too much work on its main thread.
D/dalvikvm(  368): GC_CONCURRENT freed 210K, 7% free 4006K/4268K, paused 3ms+1ms, total 26ms
D/WifiConfigStore(  307): Loading config and enabling all networks
V/KeyguardServiceDelegate(  307): *** Keyguard connected (yay!)
E/WifiConfigStore(  307): Error parsing configurationjava.io.FileNotFoundException: /data/misc/wifi/ipconfig.txt: open failed: ENOENT (No such file or directory)
W/InputMethodManagerService(  307): Focus gain on non-focused client android.view.inputmethod.InputMethodManager$1@4a906f1c (uid=1000 pid=307)
D/BluetoothManagerService(  307): Message: 20
D/BluetoothManagerService(  307): Added callback: android.bluetooth.IBluetoothManagerCallback$Stub$Proxy@4a9149a0:true
I/wpa_supplicant(  424): eth1: Trying to associate with SSID 'WiredSSID'
D/BluetoothAdapter(  440): 1249839632: getState() :  mService = null. Returning STATE_OFF
I/wpa_supplicant(  424): eth1: No network configuration found for the current AP
I/wpa_supplicant(  424): eth1: CTRL-EVENT-DISCONNECTED bssid=01:80:c2:00:00:03 reason=3 locally_generated=1
I/wpa_supplicant(  424): eth1: Associate with key management = 0 - comparing with WPA_NONE 16
I/wpa_supplicant(  424): eth1: Auth timeout 'coz 802.11, assoc_failed=0 ssid->mode=0
I/wpa_supplicant(  424): eth1: Setting authentication timeout: 10 sec 0 usec
D/BluetoothManagerService(  307): Message: 30
E/BluetoothInputDevice(  440): Could not bind to Bluetooth HID Service with Intent { act=android.bluetooth.IBluetoothInputDevice }
D/BluetoothManagerService(  307): Message: 30
E/BluetoothPan(  440): Could not bind to Bluetooth Pan Service with Intent { act=android.bluetooth.IBluetoothPan }
D/LocalBluetoothProfileManager(  440): Adding local MAP profile
I/dalvikvm(  466): ignoring registerObject request in thread=1
I/dalvikvm(  466): ignoring registerObject request in thread=1
I/dalvikvm(  456): ignoring registerObject request in thread=1
D/BluetoothMap(  440): Create BluetoothMap proxy object
I/dalvikvm(  456): ignoring registerObject request in thread=1
D/BluetoothManagerService(  307): Message: 30
E/BluetoothMap(  440): Could not bind to Bluetooth MAP Service with Intent { act=android.bluetooth.IBluetoothMap }
D/BluetoothManagerService(  307): Message: 30
E/BluetoothPbap(  440): Could not bind to Bluetooth Pbap Service with Intent { act=android.bluetooth.IBluetoothPbap }
D/LocalBluetoothProfileManager(  440): LocalBluetoothProfileManager construction complete
D/BluetoothAdapter(  440): 1249839632: getState() :  mService = null. Returning STATE_OFF
D/BluetoothAdapter(  440): 1249839632: getState() :  mService = null. Returning STATE_OFF
D/dalvikvm(  307): GC_CONCURRENT freed 319K, 7% free 5234K/5612K, paused 16ms+2ms, total 39ms
D/PhoneStatusBar(  368): disable: < expand icons alerts ticker system_info back home recent clock search >
I/ActivityManager(  307): Start proc android.process.acore for content provider com.android.providers.contacts/.ContactsProvider2: pid=483 uid=10002 gids={50002, 3003, 1028, 1015, 1023}
V/BackupManagerService(  307): Connected to transport ComponentInfo{android/com.android.internal.backup.LocalTransportService}
V/BackupManagerService(  307): Registering transport android/com.android.internal.backup.LocalTransportService::android/com.android.internal.backup.LocalTransport = com.android.internal.backup.LocalTransport@4a91ec1c
D/BluetoothManagerService(  307): Message: 300
D/BluetoothManagerService(  307): MESSAGE_USER_SWITCHED
E/WifiStateMachine(  307): Failed to set frequency band 0
I/dalvikvm(  483): ignoring registerObject request in thread=1
I/dalvikvm(  483): ignoring registerObject request in thread=1
D/BluetoothAdapter(  440): 1249839632: getState() :  mService = null. Returning STATE_OFF
D/BluetoothAdapter(  368): 1249846480: getState() :  mService = null. Returning STATE_OFF
D/BluetoothAdapter(  368): 1249846480: getState() :  mService = null. Returning STATE_OFF
D/PhoneStatusBar(  368): heads up is disabled
D/PhoneStatusBar(  368): mSettingsPanelGravity = 55
D/BluetoothAdapter(  440): 1249839632: getState() :  mService = null. Returning STATE_OFF
D/libEGL  (  368): loaded /system/lib/egl/libEGL_adreno.so
D/libEGL  (  368): loaded /system/lib/egl/libGLESv1_CM_adreno.so
D/libEGL  (  368): loaded /system/lib/egl/libGLESv2_adreno.so
I/dalvikvm(  495): ignoring registerObject request in thread=1
I/dalvikvm(  495): ignoring registerObject request in thread=1
D/        (  368): HostConnection::get() New Host Connection established 0xb7cf8240, tid 368
I/ActivityManager(  307): Start proc com.lemon.lemonban for broadcast com.lemon.lemonban/com.igexin.sdk.PushReceiver: pid=495 uid=10028 gids={50028, 3003, 1028, 1015, 1023, 3002, 3001}
W/EGL_emulation(  368): eglSurfaceAttrib not implemented 3093 12436
D/OpenGLRenderer(  368): Enabling debug mode 0
D/dalvikvm(  483): JIT code cache reset in 0 ms (0 bytes 1/0)
D/dalvikvm(  483): GC_CONCURRENT freed 188K, 8% free 3075K/3312K, paused 1ms+13ms, total 18ms
D/dalvikvm(  368): GC_CONCURRENT freed 141K, 5% free 4251K/4444K, paused 0ms+0ms, total 5ms
V/KeyguardServiceDelegate(  307): **** SHOWN CALLED ****
I/Choreographer(  368): Skipped 35 frames!  The application may be doing too much work on its main thread.
D/BluetoothManagerService(  307): Message: 20
D/BluetoothManagerService(  307): Added callback: android.bluetooth.IBluetoothManagerCallback$Stub$Proxy@4a915a9c:true
D/BluetoothManagerService(  307): Message: 30
E/BluetoothHeadset(  456): Could not bind to Bluetooth Headset Service with Intent { act=android.bluetooth.IBluetoothHeadset }
D/CallNotifier(  456): CallNotifier: mSignalInfoToneGenerator created when toneplay
D/BluetoothManagerService(  307): Message: 30
E/BluetoothHeadset(  456): Could not bind to Bluetooth Headset Service with Intent { act=android.bluetooth.IBluetoothHeadset }
D/dalvikvm(  456): GC_CONCURRENT freed 157K, 7% free 3111K/3320K, paused 2ms+0ms, total 19ms
D/MobileDataStateTracker(  307): default: Broadcast received: android.intent.action.ANY_DATA_STATE apnType=default
D/TelephonyDebugService(  456): TelephonyDebugService()
D/MobileDataStateTracker(  307): default: Received state=DISCONNECTED, old=DISCONNECTED, reason=radioTurnedOff
D/MobileDataStateTracker(  307): default: Broadcast received: android.intent.action.ANY_DATA_STATE apnType=default
D/MobileDataStateTracker(  307): default: Received state=DISCONNECTED, old=DISCONNECTED, reason=radioTurnedOff
D/MobileDataStateTracker(  307): default: Broadcast received: android.intent.action.ANY_DATA_STATE apnType=default
D/MobileDataStateTracker(  307): default: Received state=DISCONNECTED, old=DISCONNECTED, reason=dataDetached
D/BluetoothManagerService(  307): Message: 30
E/BluetoothHeadset(  456): Could not bind to Bluetooth Headset Service with Intent { act=android.bluetooth.IBluetoothHeadset }
E/BluetoothPhoneService(  456): Could not get a handle on Connection object for the call
W/CallNotifier(  456): Got onMwiChanged() on non-voice-capable device! Ignoring...
I/PhoneApp(  456): Headset phone created, binding local service.
I/wpa_supplicant(  424): eth1: Trying to associate with 01:80:c2:00:00:03 (SSID='WiredSSID' freq=2412 MHz)
I/wpa_supplicant(  424): eth1: Associated with 01:80:c2:00:00:03
I/wpa_supplicant(  424): eth1: Cancelling authentication timeout
I/wpa_supplicant(  424): eth1: CTRL-EVENT-CONNECTED - Connection to 01:80:c2:00:00:03 completed (auth) [id=0 id_str=]
I/wpa_supplicant(  424): eth1: Associate with key management = 4 - comparing with WPA_NONE 16
I/wpa_supplicant(  424): eth1: Auth timeout 'coz 802.11, assoc_failed=0 ssid->mode=0
I/wpa_supplicant(  424): eth1: Setting authentication timeout: 10 sec 0 usec
E/WifiStateMachine(  307): Unexpected BatchedScanResults :null
I/dalvikvm(  495): Could not find method android.view.ViewGroup.<init>, referenced from method com.scwang.smartrefresh.layout.SmartRefreshLayout.<init>
W/dalvikvm(  495): VFY: unable to resolve direct method 21745: Landroid/view/ViewGroup;.<init> (Landroid/content/Context;Landroid/util/AttributeSet;II)V
D/dalvikvm(  495): VFY: replacing opcode 0x70 at 0x0007
I/dalvikvm(  466): Could not find method android.view.ViewAnimationUtils.createCircularReveal, referenced from method com.vphone.launcher.Launcher.a
W/dalvikvm(  466): VFY: unable to resolve static method 16870: Landroid/view/ViewAnimationUtils;.createCircularReveal (Landroid/view/View;IIFF)Landroid/animation/Animator;
D/dalvikvm(  466): VFY: replacing opcode 0x71 at 0x0269
D/dalvikvm(  368): GC_FOR_ALLOC freed 43K, 5% free 4265K/4444K, paused 4ms, total 4ms
I/dalvikvm-heap(  368): Grow heap (frag case) to 10.461MB for 6553612-byte allocation
D/Launcher.LauncherProvider(  466): 11683562 - initializeMaxScreenId(): 1
D/dalvikvm(  368): GC_CONCURRENT freed 2K, 2% free 10663K/10848K, paused 2ms+2ms, total 22ms
D/dalvikvm(  368): WAIT_FOR_CONCURRENT_GC blocked 20ms
D/dalvikvm(  456): GC_CONCURRENT freed 264K, 9% free 3233K/3548K, paused 1ms+0ms, total 10ms
V/Launcher(  466): LauncherAppState inited
D/dalvikvm(  466): GC_CONCURRENT freed 216K, 9% free 3114K/3392K, paused 1ms+0ms, total 5ms
D/dalvikvm(  466): WAIT_FOR_CONCURRENT_GC blocked 1ms
I/ActivityManager(  307): Start proc com.lemon.lemonban:pushservice for service com.lemon.lemonban/.service.LemonPushService: pid=546 uid=10028 gids={50028, 3003, 1028, 1015, 1023, 3002, 3001}
I/dalvikvm(  546): ignoring registerObject request in thread=1
I/dalvikvm(  546): ignoring registerObject request in thread=1
I/dalvikvm(  546): Could not find method android.view.ViewGroup.<init>, referenced from method com.scwang.smartrefresh.layout.SmartRefreshLayout.<init>
W/dalvikvm(  546): VFY: unable to resolve direct method 21745: Landroid/view/ViewGroup;.<init> (Landroid/content/Context;Landroid/util/AttributeSet;II)V
D/dalvikvm(  546): VFY: replacing opcode 0x70 at 0x0007
D/Launcher.Model(  466): Old launcher provider: content://com.android.launcher2.settings/favorites?notify=true
D/Launcher.Model(  466): Old launcher provider does not exist.
I/PackageManager(  307):   Action: "android.intent.action.MAIN"
I/PackageManager(  307):   Category: "android.intent.category.HOME"
I/PackageManager(  307):   Category: "android.intent.category.DEFAULT"
I/Process (  546): Sending signal. PID: 546 SIG: 9
I/Choreographer(  368): Skipped 57 frames!  The application may be doing too much work on its main thread.
I/PackageManager(  307): Adding preferred activity ComponentInfo{com.vphone.launcher/com.vphone.launcher.Launcher} for user 0 :
I/ActivityManager(  307): Process com.lemon.lemonban:pushservice (pid 546) has died.
W/ImageLoader(  466): diskCache() and diskCacheFileNameGenerator() calls overlap each other
W/ContextImpl(  466): Calling a method in the system process without a qualified user: android.app.ContextImpl.startService:1492 android.content.ContextWrapper.startService:494 com.vphone.launcher.LauncherApplication.onCreate:113 android.app.Instrumentation.callApplicationOnCreate:1024 android.app.ActivityThread.handleBindApplication:4346 
D/dalvikvm(  466): GC_FOR_ALLOC freed 55K, 7% free 3445K/3672K, paused 22ms, total 22ms
D/dalvikvm(  466): GC_CONCURRENT freed 25K, 7% free 3445K/3692K, paused 0ms+1ms, total 4ms
W/ActivityThread(  466): ClassLoader.loadClass: The class loader returned by Thread.getContextClassLoader() may fail for processes that host multiple applications. You should explicitly specify a context class loader. For example: Thread.setContextClassLoader(getClass().getClassLoader());
D/dalvikvm(  466): GC_CONCURRENT freed 283K, 9% free 3593K/3928K, paused 1ms+1ms, total 4ms
D/WifiStateMachine(  307): VerifyingLinkState enter
D/WifiStateMachine(  307): VerifyingLinkState GOOD_LINK_DETECTED: transition to captive portal check
D/WifiStateMachine(  307): CaptivePortalCheckState enter
W/Launcher(  466): setApplicationContext called twice! old=com.vphone.launcher.LauncherApplication@4a7ee0a8 new=com.vphone.launcher.LauncherApplication@4a7ee0a8
D/WifiStateMachine(  307): CaptivePortalCheckState CMD_CAPTIVE_CHECK_COMPLETE
D/ConnectivityService(  307): Captive portal check NetworkInfo: type: WIFI[], state: CONNECTING/CAPTIVE_PORTAL_CHECK, reason: (unspecified), extra: "AndroidAP", roaming: false, failover: false, isAvailable: true, isConnectedToProvisioningNetwork: false
D/ConnectivityService(  307): handleCaptivePortalTrackerCheck: call captivePortalCheckComplete ni=NetworkInfo: type: WIFI[], state: CONNECTING/CAPTIVE_PORTAL_CHECK, reason: (unspecified), extra: "AndroidAP", roaming: false, failover: false, isAvailable: true, isConnectedToProvisioningNetwork: false
D/ConnectivityService(  307): ConnectivityChange for WIFI: CONNECTED/CONNECTED
E/ConnectivityService(  307): Unexpected mtu value: android.net.wifi.WifiStateTracker@4a8c06d8
D/su      (  597): su invoked.
D/su      (  597): starting daemon client 1000 1000
D/dalvikvm(  307): GC_CONCURRENT freed 452K, 9% free 5349K/5860K, paused 2ms+2ms, total 22ms
D/su      (  599): remote pid: 597
D/su      (  599): remote pts_slave: 
D/su      (  599): waiting for child exit
D/su      (  601): su invoked.
D/su      (  601): 1000 /system/xbin/su executing 0 /system/bin/sh using binary /system/bin/sh : sh
D/Nat464Xlat(  307): requiresClat: netType=1, hasIPv4Address=true
D/su      (  599): sending code
D/su      (  599): child exited
D/su      (  597): client exited 255
D/dalvikvm(  466): GC_CONCURRENT freed 350K, 10% free 3750K/4152K, paused 12ms+14ms, total 50ms
D/dalvikvm(  466): WAIT_FOR_CONCURRENT_GC blocked 1ms
I/dalvikvm(  466): Could not find method android.view.ViewAnimationUtils.createCircularReveal, referenced from method com.vphone.launcher.LauncherAnimUtils.createCircularReveal
W/dalvikvm(  466): VFY: unable to resolve static method 16870: Landroid/view/ViewAnimationUtils;.createCircularReveal (Landroid/view/View;IIFF)Landroid/animation/Animator;
D/dalvikvm(  466): VFY: replacing opcode 0x71 at 0x0000
W/ResourceType(  466): Attempt to retrieve bag 0x7f0e00a4 which is invalid or in a cycle.
W/Searchables(  307): No global search activity found
D/Launcher.Model(  466): 11683562 - loadWorkspace()
D/Launcher.Model(  466): 11683562 -   loadedOldDb: false
W/ContextImpl(  466): Calling a method in the system process without a qualified user: android.app.ContextImpl.startService:1492 android.content.ContextWrapper.startService:494 com.vphone.launcher.Launcher.g:677 com.vphone.launcher.Launcher.a:176 com.vphone.launcher.Launcher$11.run:633 
D/dalvikvm(  466): GC_CONCURRENT freed 125K, 5% free 4011K/4212K, paused 1ms+0ms, total 4ms
D/Launcher.Model(  466): Invalid package: ComponentInfo{com.vphone.launcher.ad.icon/com.vphone.launcher.icon} (check again later)
D/dalvikvm(  466): GC_CONCURRENT freed 192K, 6% free 4211K/4460K, paused 3ms+1ms, total 8ms
D/AndroidRuntime(  602): 
D/AndroidRuntime(  602): >>>>>> AndroidRuntime START com.android.internal.os.RuntimeInit <<<<<<
I/ContactLocale(  483): AddressBook Labels [zh_CN]: [, A, B, C, D, E, F, G, H, I, J, K, L, M, N, O, P, Q, R, S, T, U, V, W, X, Y, Z, , , , , , , , , , , , , , , , , , , , , , , , , , , , , , , , , , , , , , , , , , , , , , , , , , , , , , , , , , , , , , , , , , , , , , , , , , , , , , , , , , , , , , , , , , , , , , , , , , , , , , , , , , , , , , , , , , , , , , , , , , , , , , , , , , , , , , , , , , , , , , , , , , , , , , , , , , , , #, ]
D/AndroidRuntime(  602): CheckJNI is OFF
D/dalvikvm(  602): Using executionMode 2
D/dalvikvm(  602): Trying to load lib libjavacore.so 0x0
D/dalvikvm(  602): Added shared lib libjavacore.so 0x0
D/dalvikvm(  466): GC_CONCURRENT freed 321K, 8% free 4385K/4756K, paused 52ms+26ms, total 122ms
D/Launcher.Model(  466): 11683562 - loadWorkspaceScreensDb()
D/Launcher.Model(  466): 11683562 -   screens: { 0: 1 }
D/Launcher.Model(  466): 11683562 -   sBgWorkspaceScreens: 1
D/dalvikvm(  602): Trying to load lib libnativehelper.so 0x0
D/dalvikvm(  602): Added shared lib libnativehelper.so 0x0
D/dalvikvm(  602): No JNI_OnLoad found in libnativehelper.so 0x0, skipping init
D/libEGL  (  466): loaded /system/lib/egl/libEGL_adreno.so
D/        (  466): HostConnection::get() New Host Connection established 0xb7d735a0, tid 466
D/libEGL  (  466): loaded /system/lib/egl/libGLESv1_CM_adreno.so
D/libEGL  (  466): loaded /system/lib/egl/libGLESv2_adreno.so
D/dalvikvm(  602): Note: class Landroid/app/ActivityManagerNative; has 179 unimplemented (abstract) methods
E/memtrack(  602): Couldn't load memtrack module (No such file or directory)
E/android.os.Debug(  602): failed to load memtrack module: -2
D/AndroidRuntime(  602): Calling main entry com.android.commands.am.Am
D/AndroidRuntime(  602): Shutting down VM
E/cutils-trace(  602): Error opening trace file: No such file or directory (2)
D/dalvikvm(  602): GC_CONCURRENT freed 96K, 15% free 588K/688K, paused 0ms+0ms, total 1ms
W/EGL_emulation(  466): eglSurfaceAttrib not implemented 3093 12436
D/OpenGLRenderer(  466): Enabling debug mode 0
I/Choreographer(  466): Skipped 62 frames!  The application may be doing too much work on its main thread.
W/ContextImpl(  307): Calling a method in the system process without a qualified user: android.app.ContextImpl.sendBroadcast:1123 com.android.server.InputMethodManagerService.hideCurrentInputLocked:1880 com.android.server.InputMethodManagerService.windowGainedFocus:1968 com.android.internal.view.IInputMethodManager$Stub.onTransact:221 com.android.server.InputMethodManagerService.onTransact:818 
I/ActivityManager(  307): Displayed com.vphone.launcher/.Launcher: +3s471ms
E/TelephonyProvider(  456): Failed setting numeric '460071' to the current operator
D/AndroidRuntime(  635): 
D/AndroidRuntime(  635): >>>>>> AndroidRuntime START com.android.internal.os.RuntimeInit <<<<<<
V/WebViewChromium(  466): Binding Chromium to the background looper Looper (main, tid 1) {4a7ea360}
D/AndroidRuntime(  635): CheckJNI is OFF
D/dalvikvm(  635): Using executionMode 2
D/dalvikvm(  635): Trying to load lib libjavacore.so 0x0
I/chromium(  466): [INFO:library_loader_hooks.cc(112)] Chromium logging enabled: level = 0, default verbosity = 0
I/BrowserProcessMain(  466): Initializing chromium process, renderers=0
D/dalvikvm(  635): Added shared lib libjavacore.so 0x0
D/dalvikvm(  635): Trying to load lib libnativehelper.so 0x0
D/dalvikvm(  635): Added shared lib libnativehelper.so 0x0
D/dalvikvm(  635): No JNI_OnLoad found in libnativehelper.so 0x0, skipping init
W/dalvikvm(  466): VFY: unable to find class referenced in signature (Ljava/nio/file/Path;)
W/dalvikvm(  466): VFY: unable to find class referenced in signature ([Ljava/nio/file/OpenOption;)
I/dalvikvm(  466): Could not find method java.nio.file.Files.newOutputStream, referenced from method okio.Okio.sink
W/dalvikvm(  466): VFY: unable to resolve static method 45304: Ljava/nio/file/Files;.newOutputStream (Ljava/nio/file/Path;[Ljava/nio/file/OpenOption;)Ljava/io/OutputStream;
D/dalvikvm(  466): VFY: replacing opcode 0x71 at 0x000a
W/dalvikvm(  466): VFY: unable to find class referenced in signature (Ljava/nio/file/Path;)
W/dalvikvm(  466): VFY: unable to find class referenced in signature ([Ljava/nio/file/OpenOption;)
I/dalvikvm(  466): Could not find method java.nio.file.Files.newInputStream, referenced from method okio.Okio.source
W/dalvikvm(  466): VFY: unable to resolve static method 45303: Ljava/nio/file/Files;.newInputStream (Ljava/nio/file/Path;[Ljava/nio/file/OpenOption;)Ljava/io/InputStream;
D/dalvikvm(  466): VFY: replacing opcode 0x71 at 0x000a
D/dalvikvm(  635): Note: class Landroid/app/ActivityManagerNative; has 179 unimplemented (abstract) methods
E/memtrack(  635): Couldn't load memtrack module (No such file or directory)
E/android.os.Debug(  635): failed to load memtrack module: -2
D/AndroidRuntime(  635): Calling main entry com.android.commands.pm.Pm
D/AndroidRuntime(  635): Shutting down VM
E/cutils-trace(  635): Error opening trace file: No such file or directory (2)
D/dalvikvm(  635): GC_CONCURRENT freed 152K, 22% free 566K/720K, paused 0ms+0ms, total 1ms
D/Sensors (  307): Client connection accepted (174)
D/AndroidRuntime(  655): 
D/AndroidRuntime(  655): >>>>>> AndroidRuntime START com.android.internal.os.RuntimeInit <<<<<<
D/AndroidRuntime(  655): CheckJNI is OFF
D/dalvikvm(  655): Using executionMode 2
D/dalvikvm(  655): Trying to load lib libjavacore.so 0x0
D/dalvikvm(  655): Added shared lib libjavacore.so 0x0
D/dalvikvm(  655): Trying to load lib libnativehelper.so 0x0
D/dalvikvm(  655): Added shared lib libnativehelper.so 0x0
D/dalvikvm(  655): No JNI_OnLoad found in libnativehelper.so 0x0, skipping init
D/dalvikvm(  655): Note: class Landroid/app/ActivityManagerNative; has 179 unimplemented (abstract) methods
E/memtrack(  655): Couldn't load memtrack module (No such file or directory)
E/android.os.Debug(  655): failed to load memtrack module: -2
D/AndroidRuntime(  655): Calling main entry com.android.commands.pm.Pm
D/AndroidRuntime(  655): Shutting down VM
E/cutils-trace(  655): Error opening trace file: No such file or directory (2)
D/dalvikvm(  655): GC_CONCURRENT freed 152K, 22% free 566K/720K, paused 0ms+0ms, total 1ms
D/Tethering(  307): MasterInitialState.processMessage what=3
D/dalvikvm(  168): GC_EXPLICIT freed 37K, 4% free 2843K/2932K, paused 0ms+1ms, total 3ms
D/CaptivePortalTracker(  307): NoActiveNetworkState{ when=-1ms what=1 obj=NetworkInfo: type: WIFI[], state: CONNECTED/CONNECTED, reason: (unspecified), extra: "AndroidAP", roaming: false, failover: false, isAvailable: true, isConnectedToProvisioningNetwork: false target=com.android.internal.util.StateMachine$SmHandler }
I/ActivityManager(  307): Start proc android.process.media for broadcast com.android.providers.downloads/.DownloadReceiver: pid=668 uid=10004 gids={50004, 1028, 1015, 1023, 1024, 2001, 3003, 3007}
D/dalvikvm(  168): GC_EXPLICIT freed <1K, 4% free 2843K/2932K, paused 0ms+0ms, total 5ms
D/dalvikvm(  168): GC_EXPLICIT freed <1K, 4% free 2843K/2932K, paused 1ms+0ms, total 4ms
I/dalvikvm(  668): ignoring registerObject request in thread=1
I/dalvikvm(  668): ignoring registerObject request in thread=1
D/AndroidRuntime(  666): 
D/AndroidRuntime(  666): >>>>>> AndroidRuntime START com.android.internal.os.RuntimeInit <<<<<<
D/AndroidRuntime(  666): CheckJNI is OFF
D/dalvikvm(  666): Using executionMode 2
D/dalvikvm(  666): Trying to load lib libjavacore.so 0x0
D/dalvikvm(  666): Added shared lib libjavacore.so 0x0
D/dalvikvm(  666): Trying to load lib libnativehelper.so 0x0
D/dalvikvm(  666): Added shared lib libnativehelper.so 0x0
D/dalvikvm(  666): No JNI_OnLoad found in libnativehelper.so 0x0, skipping init
