--------- beginning of /dev/log/system
I/NOX     (   71): Starting NOX
I/Vold    (  160): Vold 2.1 (the revenge) firing up
--------- beginning of /dev/log/main
I/ip6tables(  163): ip6tables: No chain/target/match by that name.
I/ip6tables(  163): ip6tables terminated by exit(1)
E/Netd    (  163): exec() res=0, status=256 for /system/bin/ip6tables -t mangle -A st_mangle_OUTPUT -m mark --mark 1 -j RETURN 
I/iptables(  163): iptables: No chain/target/match by that name.
I/iptables(  163): iptables terminated by exit(1)
E/Netd    (  163): exec() res=0, status=256 for /system/bin/iptables -t mangle -A st_mangle_OUTPUT -m owner --uid-owner vpn -j RETURN 
I/ip6tables(  163): ip6tables: No chain/target/match by that name.
I/ip6tables(  163): ip6tables terminated by exit(1)
E/Netd    (  163): exec() res=0, status=256 for /system/bin/ip6tables -t mangle -A st_mangle_OUTPUT -m owner --uid-owner vpn -j RETURN 
D/MDnsDS  (  163): MDnsSdListener::Hander starting up
D/MDnsDS  (  163): MDnsSdListener starting to monitor
D/MDnsDS  (  163): Going to poll with pollCount 1
E/SurfaceFlinger(  167): hwcomposer module not found
W/SurfaceFlinger(  167): getting VSYNC period from fb HAL: 16666666
W/SurfaceFlinger(  167): no suitable EGLConfig found, trying a simpler query
I/SurfaceFlinger(  167): EGL informations:
I/SurfaceFlinger(  167): vendor    : Android
I/SurfaceFlinger(  167): version   : 1.4 Android META-EGL
I/SurfaceFlinger(  167): extensions: EGL_KHR_get_all_proc_addresses EGL_ANDROID_presentation_time EGL_KHR_image_base 
I/SurfaceFlinger(  167): Client API: OpenGL_ES
I/SurfaceFlinger(  167): EGLSurface: 8-8-8-8, config=0x8
I/SurfaceFlinger(  167): OpenGL ES informations:
I/SurfaceFlinger(  167): vendor    : ARM
I/SurfaceFlinger(  167): renderer  : Mali-450 MP
I/SurfaceFlinger(  167): version   : OpenGL ES 2.0
I/SurfaceFlinger(  167): extensions: GL_EXT_debug_marker GL_OES_EGL_image GL_OES_depth24 GL_OES_depth32 GL_OES_element_index_uint GL_OES_texture_float GL_OES_texture_float_linear GL_EXT_texture_format_BGRA8888 GL_OES_compressed_paletted_texture GL_OES_compressed_ETC1_RGB8_texture GL_OES_depth_texture GL_OES_texture_half_float GL_OES_texture_half_float_linear GL_OES_packed_depth_stencil GL_OES_vertex_half_float GL_OES_EGL_image_external GL_IMG_texture_compression_pvrtc
I/SurfaceFlinger(  167): GL_MAX_TEXTURE_SIZE = 16384
I/SurfaceFlinger(  167): GL_MAX_VIEWPORT_DIMS = 16384
E/cutils-trace(  167): Error opening trace file: No such file or directory (2)
D/SurfaceFlinger(  167): setOrientation, mFbdev=0xb7b16e00, mFbDev->setOrientation=0xb69c2ce0, orientation=0
I/gralloc_nox(  167): setOrientation: orientation=0
D/SurfaceFlinger(  167): Screen acquired, type=0 flinger=0xb7b14820
D/dalvikvm(  150): Trying to load lib libjavacore.so 0x0
D/dalvikvm(  150): Added shared lib libjavacore.so 0x0
D/dalvikvm(  150): Trying to load lib libnativehelper.so 0x0
D/dalvikvm(  150): Added shared lib libnativehelper.so 0x0
D/dalvikvm(  150): No JNI_OnLoad found in libnativehelper.so 0x0, skipping init
D/        (  274): HostConnection::get() New Host Connection established 0xb920c810, tid 280
D/libEGL  (  274): loaded /system/lib/egl/libGLESv1_CM_adreno.so
D/libEGL  (  274): loaded /system/lib/egl/libGLESv2_adreno.so
D/libEGL  (  274): loaded /system/lib/egl/libEGL_adreno.so
E/cutils-trace(  274): Error opening trace file: No such file or directory (2)
D/        (  167): HostConnection::get() New Host Connection established 0xb7b209b0, tid 181
E/cutils-trace(  150): Error opening trace file: No such file or directory (2)
D/        (  167): HostConnection::get() New Host Connection established 0xb7b1bc10, tid 179
D/AndroidRuntime(  168): 
D/AndroidRuntime(  168): >>>>>> AndroidRuntime START com.android.internal.os.ZygoteInit <<<<<<
W/EmulatedCamera_Factory(  170):  camera socket connect is not connected, wait(1)...
D/EmulatedCamera_Factory(  170): threadLoop()...
D/EmulatedCamera_Factory(  170): Waiting for player
D/AndroidRuntime(  168): CheckJNI is OFF
D/dalvikvm(  168): Using executionMode 2
D/dalvikvm(  168): Trying to load lib libjavacore.so 0x0
D/dalvikvm(  168): Added shared lib libjavacore.so 0x0
D/dalvikvm(  168): Trying to load lib libnativehelper.so 0x0
D/dalvikvm(  168): Added shared lib libnativehelper.so 0x0
D/dalvikvm(  168): No JNI_OnLoad found in libnativehelper.so 0x0, skipping init
D/EmulatedCamera_Factory(  170): Player connected fd:14
D/dalvikvm(  168): Note: class Landroid/app/ActivityManagerNative; has 179 unimplemented (abstract) methods
E/memtrack(  168): Couldn't load memtrack module (No such file or directory)
E/android.os.Debug(  168): failed to load memtrack module: -2
I/SamplingProfilerIntegration(  168): Profiling disabled.
D/EmulatedCamera_Factory(  170):  camera socket connect is connected:14
I/Zygote  (  168): Preloading classes...
E/cutils-trace(  168): Error opening trace file: No such file or directory (2)
D/dalvikvm(  168): GC_EXPLICIT freed 612K, 36% free 1100K/1716K, paused 0ms+0ms, total 5ms
D/dalvikvm(  168): GC_FOR_ALLOC freed 6K, 35% free 1116K/1716K, paused 7ms, total 7ms
D/dalvikvm(  168): GC_FOR_ALLOC freed <1K, 35% free 1155K/1756K, paused 3ms, total 3ms
D/dalvikvm(  168): GC_EXPLICIT freed <1K, 34% free 1165K/1756K, paused 0ms+0ms, total 2ms
D/dalvikvm(  168): GC_EXPLICIT freed 15K, 32% free 1209K/1756K, paused 0ms+0ms, total 1ms
D/dalvikvm(  168): GC_EXPLICIT freed 20K, 28% free 1273K/1756K, paused 0ms+0ms, total 2ms
D/dalvikvm(  168): GC_EXPLICIT freed 28K, 26% free 1309K/1756K, paused 0ms+0ms, total 1ms
D/dalvikvm(  168): GC_EXPLICIT freed 33K, 25% free 1330K/1756K, paused 0ms+0ms, total 1ms
D/EmulatedCamera_Factory(  170): createHostCameras
D/EmulatedCamera_HostClient(  170):  camera socket connect is already connected:14
D/EmulatedCamera_Camera(  170): Initialize
D/EmulatedCamera_HostClient(  170):  camera socket connect is already connected:14
D/EmulatedCamera_Camera(  170): Initialize
I/CameraService(  170): Loaded "Camera Module" camera module
I/AudioPolicyManagerBase(  170): loadAudioPolicyConfig() loaded /system/etc/audio_policy.conf
I/AudioFlinger(  170): loadHwModule() Loaded primary audio interface from NOX audio HW HAL (audio) handle 1
I/AudioFlinger(  170): HAL output buffer size 880 frames, normal mix buffer size 1056 frames
I/AudioMixer(  170): found effect "Multichannel Downmix To Stereo" from The Android Open Source Project
E/MonoPipe(  170): Failed to fetch local time frequency when constructing a MonoPipe (res = -32).  getNextWriteTimestamp calls will be non-functional
D/dalvikvm(  168): GC_EXPLICIT freed 22K, 22% free 1370K/1756K, paused 1ms+0ms, total 2ms
D/dalvikvm(  150): GC_FOR_ALLOC freed 879K, 44% free 1149K/2032K, paused 6ms, total 6ms
D/dalvikvm(  150): GC_CONCURRENT freed 488K, 24% free 1755K/2284K, paused 1ms+0ms, total 7ms
D/dalvikvm(  150): GC_FOR_ALLOC freed 694K, 29% free 2266K/3180K, paused 10ms, total 10ms
D/dalvikvm(  150): GC_FOR_ALLOC freed 1009K, 35% free 2693K/4120K, paused 3ms, total 3ms
D/dalvikvm(  150): GC_FOR_ALLOC freed 1005K, 34% free 3084K/4632K, paused 3ms, total 3ms
D/dalvikvm(  168): GC_EXPLICIT freed 30K, 21% free 1400K/1756K, paused 0ms+0ms, total 3ms
D/TextLayoutCache(  168): Using debug level = 0 - Debug Enabled = 0
D/dalvikvm(  150): GC_CONCURRENT freed 967K, 20% free 4107K/5076K, paused 4ms+4ms, total 22ms
I/dalvikvm(  168): threadid=1: recursive native library load attempt (/system/lib/libmedia_jni.so)
D/MtpDeviceJNI(  168): register_android_mtp_MtpDevice
I/dalvikvm(  168): threadid=1: recursive native library load attempt (/system/lib/libmedia_jni.so)
I/dalvikvm(  168): threadid=1: recursive native library load attempt (/system/lib/libmedia_jni.so)
I/dalvikvm(  168): threadid=1: recursive native library load attempt (/system/lib/libmedia_jni.so)
D/dalvikvm(  168): GC_EXPLICIT freed 9K, 18% free 1444K/1756K, paused 0ms+0ms, total 2ms
D/dalvikvm(  150): GC_CONCURRENT freed 1325K, 22% free 4829K/6156K, paused 2ms+0ms, total 15ms
D/dalvikvm(  150): WAIT_FOR_CONCURRENT_GC blocked 2ms
D/dalvikvm(  150): GC_CONCURRENT freed 678K, 10% free 6200K/6880K, paused 3ms+1ms, total 20ms
D/dalvikvm(  150): WAIT_FOR_CONCURRENT_GC blocked 4ms
D/dalvikvm(  150): GC_CONCURRENT freed 2208K, 28% free 5951K/8232K, paused 0ms+7ms, total 9ms
D/dalvikvm(  150): GC_CONCURRENT freed 5556K, 81% free 1623K/8232K, paused 0ms+6ms, total 10ms
D/dalvikvm(  168): GC_EXPLICIT freed 24K, 16% free 1482K/1756K, paused 1ms+0ms, total 2ms
D/dalvikvm(  168): GC_EXPLICIT freed 15K, 14% free 1522K/1756K, paused 0ms+0ms, total 1ms
D/dalvikvm(  168): GC_EXPLICIT freed 29K, 12% free 1549K/1756K, paused 0ms+0ms, total 7ms
D/dalvikvm(  168): GC_EXPLICIT freed 12K, 9% free 1599K/1756K, paused 0ms+0ms, total 2ms
E/EmojiFactory_jni(  168): Failed to load libemoji.so: dlopen failed: library "libemoji.so" not found
D/dalvikvm(  168): GC_EXPLICIT freed 37K, 3% free 1919K/1960K, paused 1ms+0ms, total 4ms
D/dalvikvm(  168): GC_EXPLICIT freed 34K, 2% free 1943K/1980K, paused 0ms+0ms, total 3ms
D/dalvikvm(  168): GC_EXPLICIT freed 29K, 2% free 1967K/2000K, paused 0ms+1ms, total 3ms
D/dalvikvm(  168): GC_EXPLICIT freed 37K, 2% free 1984K/2024K, paused 0ms+0ms, total 2ms
I/LibraryLoader(  168): loading: webviewchromium
I/LibraryLoader(  168): loaded: webviewchromium
D/dalvikvm(  168): GC_EXPLICIT freed 14K, 1% free 2026K/2044K, paused 1ms+1ms, total 3ms
D/dalvikvm(  168): GC_EXPLICIT freed 24K, 2% free 2055K/2084K, paused 0ms+0ms, total 2ms
D/dalvikvm(  168): GC_EXPLICIT freed 29K, 2% free 2085K/2116K, paused 3ms+1ms, total 7ms
D/dalvikvm(  168): GC_EXPLICIT freed 35K, 2% free 2104K/2144K, paused 0ms+0ms, total 2ms
D/dalvikvm(  168): GC_EXPLICIT freed 31K, 2% free 2133K/2168K, paused 0ms+0ms, total 2ms
D/dalvikvm(  168): GC_EXPLICIT freed 33K, 2% free 2154K/2192K, paused 0ms+0ms, total 2ms
D/dalvikvm(  168): GC_EXPLICIT freed 35K, 2% free 2172K/2212K, paused 1ms+0ms, total 3ms
D/dalvikvm(  168): GC_EXPLICIT freed 32K, 2% free 2214K/2248K, paused 0ms+0ms, total 2ms
W/Zygote  (  168): Class not found for preloading: java.lang.UnsafeByteSequence
D/dalvikvm(  168): GC_EXPLICIT freed 37K, 2% free 2233K/2272K, paused 0ms+1ms, total 3ms
D/dalvikvm(  168): GC_EXPLICIT freed 43K, 2% free 2246K/2292K, paused 0ms+0ms, total 2ms
D/dalvikvm(  168): GC_EXPLICIT freed 41K, 2% free 2260K/2304K, paused 0ms+1ms, total 3ms
I/System  (  168): Loaded time zone names for "" in 192ms (191ms in ICU)
I/System  (  168): Loaded time zone names for "en_US" in 37ms (35ms in ICU)
I/System  (  168): Loaded time zone names for "zh_CN" in 49ms (49ms in ICU)
D/dalvikvm(  168): GC_EXPLICIT freed 270K, 10% free 2474K/2748K, paused 0ms+1ms, total 3ms
D/dalvikvm(  168): GC_EXPLICIT freed 14K, 8% free 2534K/2748K, paused 1ms+0ms, total 5ms
D/dalvikvm(  168): GC_EXPLICIT freed 42K, 8% free 2546K/2748K, paused 0ms+0ms, total 3ms
D/dalvikvm(  168): GC_EXPLICIT freed 33K, 7% free 2568K/2748K, paused 1ms+1ms, total 3ms
D/dalvikvm(  168): GC_EXPLICIT freed 36K, 6% free 2585K/2748K, paused 0ms+0ms, total 5ms
I/Zygote  (  168): ...preloaded 2777 classes in 2885ms.
D/dalvikvm(  168): GC_EXPLICIT freed 25K, 6% free 2601K/2748K, paused 0ms+1ms, total 3ms
I/Zygote  (  168): Preloading resources...
W/Resources(  168): Preloaded drawable resource #0x1080096 (android:drawable/toast_frame) that varies with configuration!!
W/Resources(  168): Preloaded drawable resource #0x1080105 (android:drawable/btn_check_on_pressed_holo_light) that varies with configuration!!
W/Resources(  168): Preloaded drawable resource #0x1080104 (android:drawable/btn_check_on_pressed_holo_dark) that varies with configuration!!
D/dalvikvm(  168): GC_EXPLICIT freed 22K, 5% free 2630K/2748K, paused 0ms+0ms, total 4ms
W/Resources(  168): Preloaded drawable resource #0x1080102 (android:drawable/btn_check_on_holo_light) that varies with configuration!!
W/Resources(  168): Preloaded drawable resource #0x1080101 (android:drawable/btn_check_on_holo_dark) that varies with configuration!!
W/Resources(  168): Preloaded drawable resource #0x10800ff (android:drawable/btn_check_on_focused_holo_light) that varies with configuration!!
W/Resources(  168): Preloaded drawable resource #0x10800fe (android:drawable/btn_check_on_focused_holo_dark) that varies with configuration!!
W/Resources(  168): Preloaded drawable resource #0x10800fd (android:drawable/btn_check_on_disabled_holo_light) that varies with configuration!!
D/dalvikvm(  168): GC_EXPLICIT freed 72K, 5% free 2611K/2748K, paused 1ms+1ms, total 3ms
W/Resources(  168): Preloaded drawable resource #0x10800fc (android:drawable/btn_check_on_disabled_holo_dark) that varies with configuration!!
W/Resources(  168): Preloaded drawable resource #0x10800fb (android:drawable/btn_check_on_disabled_focused_holo_light) that varies with configuration!!
W/Resources(  168): Preloaded drawable resource #0x10800fa (android:drawable/btn_check_on_disabled_focused_holo_dark) that varies with configuration!!
W/Resources(  168): Preloaded drawable resource #0x10800f2 (android:drawable/btn_check_off_pressed_holo_light) that varies with configuration!!
W/Resources(  168): Preloaded drawable resource #0x10800f1 (android:drawable/btn_check_off_pressed_holo_dark) that varies with configuration!!
D/dalvikvm(  168): GC_EXPLICIT freed 53K, 5% free 2612K/2748K, paused 1ms+0ms, total 4ms
W/Resources(  168): Preloaded drawable resource #0x10800ed (android:drawable/btn_check_off_holo_light) that varies with configuration!!
W/Resources(  168): Preloaded drawable resource #0x10800ec (android:drawable/btn_check_off_holo_dark) that varies with configuration!!
W/Resources(  168): Preloaded drawable resource #0x10800ea (android:drawable/btn_check_off_focused_holo_light) that varies with configuration!!
W/Resources(  168): Preloaded drawable resource #0x10800e9 (android:drawable/btn_check_off_focused_holo_dark) that varies with configuration!!
W/Resources(  168): Preloaded drawable resource #0x10800e8 (android:drawable/btn_check_off_disabled_holo_light) that varies with configuration!!
D/dalvikvm(  168): GC_EXPLICIT freed 53K, 5% free 2613K/2748K, paused 1ms+0ms, total 5ms
W/Resources(  168): Preloaded drawable resource #0x10800e7 (android:drawable/btn_check_off_disabled_holo_dark) that varies with configuration!!
W/Resources(  168): Preloaded drawable resource #0x10800e6 (android:drawable/btn_check_off_disabled_focused_holo_light) that varies with configuration!!
W/Resources(  168): Preloaded drawable resource #0x10800e5 (android:drawable/btn_check_off_disabled_focused_holo_dark) that varies with configuration!!
W/Resources(  168): Preloaded drawable resource #0x1080102 (android:drawable/btn_check_on_holo_light) that varies with configuration!!
W/Resources(  168): Preloaded drawable resource #0x10800ed (android:drawable/btn_check_off_holo_light) that varies with configuration!!
W/Resources(  168): Preloaded drawable resource #0x1080105 (android:drawable/btn_check_on_pressed_holo_light) that varies with configuration!!
W/Resources(  168): Preloaded drawable resource #0x10800f2 (android:drawable/btn_check_off_pressed_holo_light) that varies with configuration!!
W/Resources(  168): Preloaded drawable resource #0x10800ff (android:drawable/btn_check_on_focused_holo_light) that varies with configuration!!
W/Resources(  168): Preloaded drawable resource #0x10800ea (android:drawable/btn_check_off_focused_holo_light) that varies with configuration!!
W/Resources(  168): Preloaded drawable resource #0x10800ed (android:drawable/btn_check_off_holo_light) that varies with configuration!!
W/Resources(  168): Preloaded drawable resource #0x1080102 (android:drawable/btn_check_on_holo_light) that varies with configuration!!
W/Resources(  168): Preloaded drawable resource #0x10800fd (android:drawable/btn_check_on_disabled_holo_light) that varies with configuration!!
W/Resources(  168): Preloaded drawable resource #0x10800e8 (android:drawable/btn_check_off_disabled_holo_light) that varies with configuration!!
W/Resources(  168): Preloaded drawable resource #0x10800fb (android:drawable/btn_check_on_disabled_focused_holo_light) that varies with configuration!!
W/Resources(  168): Preloaded drawable resource #0x10800e6 (android:drawable/btn_check_off_disabled_focused_holo_light) that varies with configuration!!
W/Resources(  168): Preloaded drawable resource #0x10800e8 (android:drawable/btn_check_off_disabled_holo_light) that varies with configuration!!
W/Resources(  168): Preloaded drawable resource #0x10800fd (android:drawable/btn_check_on_disabled_holo_light) that varies with configuration!!
W/Resources(  168): Preloaded drawable resource #0x10800dc (android:drawable/btn_check_holo_light) that varies with configuration!!
D/dalvikvm(  168): GC_EXPLICIT freed 180K, 8% free 2618K/2832K, paused 0ms+0ms, total 3ms
W/Resources(  168): Preloaded drawable resource #0x1080101 (android:drawable/btn_check_on_holo_dark) that varies with configuration!!
W/Resources(  168): Preloaded drawable resource #0x10800ec (android:drawable/btn_check_off_holo_dark) that varies with configuration!!
W/Resources(  168): Preloaded drawable resource #0x1080104 (android:drawable/btn_check_on_pressed_holo_dark) that varies with configuration!!
W/Resources(  168): Preloaded drawable resource #0x10800f1 (android:drawable/btn_check_off_pressed_holo_dark) that varies with configuration!!
W/Resources(  168): Preloaded drawable resource #0x10800fe (android:drawable/btn_check_on_focused_holo_dark) that varies with configuration!!
W/Resources(  168): Preloaded drawable resource #0x10800e9 (android:drawable/btn_check_off_focused_holo_dark) that varies with configuration!!
W/Resources(  168): Preloaded drawable resource #0x10800ec (android:drawable/btn_check_off_holo_dark) that varies with configuration!!
W/Resources(  168): Preloaded drawable resource #0x1080101 (android:drawable/btn_check_on_holo_dark) that varies with configuration!!
W/Resources(  168): Preloaded drawable resource #0x10800fc (android:drawable/btn_check_on_disabled_holo_dark) that varies with configuration!!
W/Resources(  168): Preloaded drawable resource #0x10800e7 (android:drawable/btn_check_off_disabled_holo_dark) that varies with configuration!!
W/Resources(  168): Preloaded drawable resource #0x10800fa (android:drawable/btn_check_on_disabled_focused_holo_dark) that varies with configuration!!
W/Resources(  168): Preloaded drawable resource #0x10800e5 (android:drawable/btn_check_off_disabled_focused_holo_dark) that varies with configuration!!
W/Resources(  168): Preloaded drawable resource #0x10800e7 (android:drawable/btn_check_off_disabled_holo_dark) that varies with configuration!!
W/Resources(  168): Preloaded drawable resource #0x10800fc (android:drawable/btn_check_on_disabled_holo_dark) that varies with configuration!!
W/Resources(  168): Preloaded drawable resource #0x10800db (android:drawable/btn_check_holo_dark) that varies with configuration!!
D/dalvikvm(  168): GC_EXPLICIT freed 152K, 8% free 2617K/2832K, paused 0ms+1ms, total 3ms
W/Resources(  168): Preloaded drawable resource #0x1080195 (android:drawable/btn_radio_on_pressed_holo_light) that varies with configuration!!
W/Resources(  168): Preloaded drawable resource #0x1080194 (android:drawable/btn_radio_on_pressed_holo_dark) that varies with configuration!!
W/Resources(  168): Preloaded drawable resource #0x1080192 (android:drawable/btn_radio_on_holo_light) that varies with configuration!!
W/Resources(  168): Preloaded drawable resource #0x1080191 (android:drawable/btn_radio_on_holo_dark) that varies with configuration!!
W/Resources(  168): Preloaded drawable resource #0x108018f (android:drawable/btn_radio_on_focused_holo_light) that varies with configuration!!
D/dalvikvm(  168): GC_EXPLICIT freed 55K, 8% free 2616K/2832K, paused 1ms+0ms, total 3ms
W/Resources(  168): Preloaded drawable resource #0x108018e (android:drawable/btn_radio_on_focused_holo_dark) that varies with configuration!!
W/Resources(  168): Preloaded drawable resource #0x108018d (android:drawable/btn_radio_on_disabled_holo_light) that varies with configuration!!
W/Resources(  168): Preloaded drawable resource #0x108018c (android:drawable/btn_radio_on_disabled_holo_dark) that varies with configuration!!
W/Resources(  168): Preloaded drawable resource #0x108018b (android:drawable/btn_radio_on_disabled_focused_holo_light) that varies with configuration!!
W/Resources(  168): Preloaded drawable resource #0x108018a (android:drawable/btn_radio_on_disabled_focused_holo_dark) that varies with configuration!!
D/dalvikvm(  168): GC_EXPLICIT freed 53K, 8% free 2617K/2832K, paused 1ms+0ms, total 3ms
W/Resources(  168): Preloaded drawable resource #0x1080187 (android:drawable/btn_radio_off_pressed_holo_light) that varies with configuration!!
W/Resources(  168): Preloaded drawable resource #0x1080186 (android:drawable/btn_radio_off_pressed_holo_dark) that varies with configuration!!
W/Resources(  168): Preloaded drawable resource #0x1080184 (android:drawable/btn_radio_off_holo_light) that varies with configuration!!
W/Resources(  168): Preloaded drawable resource #0x1080183 (android:drawable/btn_radio_off_holo_dark) that varies with configuration!!
W/Resources(  168): Preloaded drawable resource #0x1080181 (android:drawable/btn_radio_off_focused_holo_light) that varies with configuration!!
D/dalvikvm(  168): GC_EXPLICIT freed 53K, 8% free 2617K/2832K, paused 0ms+0ms, total 3ms
W/Resources(  168): Preloaded drawable resource #0x1080180 (android:drawable/btn_radio_off_focused_holo_dark) that varies with configuration!!
W/Resources(  168): Preloaded drawable resource #0x108017f (android:drawable/btn_radio_off_disabled_holo_light) that varies with configuration!!
W/Resources(  168): Preloaded drawable resource #0x108017e (android:drawable/btn_radio_off_disabled_holo_dark) that varies with configuration!!
W/Resources(  168): Preloaded drawable resource #0x108017d (android:drawable/btn_radio_off_disabled_focused_holo_light) that varies with configuration!!
W/Resources(  168): Preloaded drawable resource #0x108017c (android:drawable/btn_radio_off_disabled_focused_holo_dark) that varies with configuration!!
D/dalvikvm(  168): GC_EXPLICIT freed 53K, 8% free 2618K/2832K, paused 1ms+1ms, total 5ms
W/Resources(  168): Preloaded drawable resource #0x1080128 (android:drawable/btn_default_pressed_holo_light) that varies with configuration!!
W/Resources(  168): Preloaded drawable resource #0x1080127 (android:drawable/btn_default_pressed_holo_dark) that varies with configuration!!
W/Resources(  168): Preloaded drawable resource #0x1080124 (android:drawable/btn_default_normal_holo_light) that varies with configuration!!
W/Resources(  168): Preloaded drawable resource #0x1080123 (android:drawable/btn_default_normal_holo_dark) that varies with configuration!!
W/Resources(  168): Preloaded drawable resource #0x108011c (android:drawable/btn_default_focused_holo_light) that varies with configuration!!
W/Resources(  168): Preloaded drawable resource #0x108011b (android:drawable/btn_default_focused_holo_dark) that varies with configuration!!
D/dalvikvm(  168): GC_EXPLICIT freed 9K, 6% free 2664K/2832K, paused 1ms+1ms, total 5ms
W/Resources(  168): Preloaded drawable resource #0x1080119 (android:drawable/btn_default_disabled_holo_light) that varies with configuration!!
W/Resources(  168): Preloaded drawable resource #0x1080118 (android:drawable/btn_default_disabled_holo_dark) that varies with configuration!!
W/Resources(  168): Preloaded drawable resource #0x1080116 (android:drawable/btn_default_disabled_focused_holo_light) that varies with configuration!!
W/Resources(  168): Preloaded drawable resource #0x1080115 (android:drawable/btn_default_disabled_focused_holo_dark) that varies with configuration!!
W/Resources(  168): Preloaded drawable resource #0x1080123 (android:drawable/btn_default_normal_holo_dark) that varies with configuration!!
W/Resources(  168): Preloaded drawable resource #0x1080118 (android:drawable/btn_default_disabled_holo_dark) that varies with configuration!!
W/Resources(  168): Preloaded drawable resource #0x1080127 (android:drawable/btn_default_pressed_holo_dark) that varies with configuration!!
W/Resources(  168): Preloaded drawable resource #0x108011b (android:drawable/btn_default_focused_holo_dark) that varies with configuration!!
W/Resources(  168): Preloaded drawable resource #0x1080123 (android:drawable/btn_default_normal_holo_dark) that varies with configuration!!
W/Resources(  168): Preloaded drawable resource #0x1080115 (android:drawable/btn_default_disabled_focused_holo_dark) that varies with configuration!!
W/Resources(  168): Preloaded drawable resource #0x1080118 (android:drawable/btn_default_disabled_holo_dark) that varies with configuration!!
W/Resources(  168): Preloaded drawable resource #0x108011d (android:drawable/btn_default_holo_dark) that varies with configuration!!
D/dalvikvm(  168): GC_EXPLICIT freed 63K, 5% free 2704K/2832K, paused 1ms+0ms, total 3ms
W/Resources(  168): Preloaded drawable resource #0x1080124 (android:drawable/btn_default_normal_holo_light) that varies with configuration!!
W/Resources(  168): Preloaded drawable resource #0x1080119 (android:drawable/btn_default_disabled_holo_light) that varies with configuration!!
W/Resources(  168): Preloaded drawable resource #0x1080128 (android:drawable/btn_default_pressed_holo_light) that varies with configuration!!
W/Resources(  168): Preloaded drawable resource #0x108011c (android:drawable/btn_default_focused_holo_light) that varies with configuration!!
W/Resources(  168): Preloaded drawable resource #0x1080124 (android:drawable/btn_default_normal_holo_light) that varies with configuration!!
W/Resources(  168): Preloaded drawable resource #0x1080116 (android:drawable/btn_default_disabled_focused_holo_light) that varies with configuration!!
W/Resources(  168): Preloaded drawable resource #0x1080119 (android:drawable/btn_default_disabled_holo_light) that varies with configuration!!
W/Resources(  168): Preloaded drawable resource #0x108011e (android:drawable/btn_default_holo_light) that varies with configuration!!
D/dalvikvm(  168): GC_EXPLICIT freed 96K, 6% free 2674K/2832K, paused 0ms+0ms, total 3ms
W/Resources(  168): Preloaded drawable resource #0x10801d1 (android:drawable/btn_star_off_normal_holo_light) that varies with configuration!!
W/Resources(  168): Preloaded drawable resource #0x10801db (android:drawable/btn_star_on_normal_holo_light) that varies with configuration!!
W/Resources(  168): Preloaded drawable resource #0x10801d7 (android:drawable/btn_star_on_disabled_holo_light) that varies with configuration!!
W/Resources(  168): Preloaded drawable resource #0x10801cd (android:drawable/btn_star_off_disabled_holo_light) that varies with configuration!!
W/Resources(  168): Preloaded drawable resource #0x10801dd (android:drawable/btn_star_on_pressed_holo_light) that varies with configuration!!
D/dalvikvm(  168): GC_EXPLICIT freed 106K, 8% free 2621K/2832K, paused 0ms+0ms, total 4ms
W/Resources(  168): Preloaded drawable resource #0x10801d3 (android:drawable/btn_star_off_pressed_holo_light) that varies with configuration!!
W/Resources(  168): Preloaded drawable resource #0x10801d9 (android:drawable/btn_star_on_focused_holo_light) that varies with configuration!!
W/Resources(  168): Preloaded drawable resource #0x10801cf (android:drawable/btn_star_off_focused_holo_light) that varies with configuration!!
W/Resources(  168): Preloaded drawable resource #0x10801d5 (android:drawable/btn_star_on_disabled_focused_holo_light) that varies with configuration!!
W/Resources(  168): Preloaded drawable resource #0x10801cb (android:drawable/btn_star_off_disabled_focused_holo_light) that varies with configuration!!
D/dalvikvm(  168): GC_EXPLICIT freed 53K, 8% free 2623K/2832K, paused 0ms+0ms, total 4ms
W/Resources(  168): Preloaded drawable resource #0x10801d1 (android:drawable/btn_star_off_normal_holo_light) that varies with configuration!!
W/Resources(  168): Preloaded drawable resource #0x10801db (android:drawable/btn_star_on_normal_holo_light) that varies with configuration!!
W/Resources(  168): Preloaded drawable resource #0x10801d7 (android:drawable/btn_star_on_disabled_holo_light) that varies with configuration!!
W/Resources(  168): Preloaded drawable resource #0x10801cd (android:drawable/btn_star_off_disabled_holo_light) that varies with configuration!!
W/Resources(  168): Preloaded drawable resource #0x10801dd (android:drawable/btn_star_on_pressed_holo_light) that varies with configuration!!
W/Resources(  168): Preloaded drawable resource #0x10801d3 (android:drawable/btn_star_off_pressed_holo_light) that varies with configuration!!
W/Resources(  168): Preloaded drawable resource #0x10801d9 (android:drawable/btn_star_on_focused_holo_light) that varies with configuration!!
W/Resources(  168): Preloaded drawable resource #0x10801cf (android:drawable/btn_star_off_focused_holo_light) that varies with configuration!!
W/Resources(  168): Preloaded drawable resource #0x10801d5 (android:drawable/btn_star_on_disabled_focused_holo_light) that varies with configuration!!
W/Resources(  168): Preloaded drawable resource #0x10801d7 (android:drawable/btn_star_on_disabled_holo_light) that varies with configuration!!
W/Resources(  168): Preloaded drawable resource #0x10801cb (android:drawable/btn_star_off_disabled_focused_holo_light) that varies with configuration!!
W/Resources(  168): Preloaded drawable resource #0x10801cd (android:drawable/btn_star_off_disabled_holo_light) that varies with configuration!!
W/Resources(  168): Preloaded drawable resource #0x10801d1 (android:drawable/btn_star_off_normal_holo_light) that varies with configuration!!
W/Resources(  168): Preloaded drawable resource #0x10801db (android:drawable/btn_star_on_normal_holo_light) that varies with configuration!!
W/Resources(  168): Preloaded drawable resource #0x10801c8 (android:drawable/btn_star_holo_light) that varies with configuration!!
D/dalvikvm(  168): GC_EXPLICIT freed 149K, 8% free 2626K/2832K, paused 0ms+0ms, total 2ms
W/Resources(  168): Preloaded drawable resource #0x10801d0 (android:drawable/btn_star_off_normal_holo_dark) that varies with configuration!!
W/Resources(  168): Preloaded drawable resource #0x10801da (android:drawable/btn_star_on_normal_holo_dark) that varies with configuration!!
W/Resources(  168): Preloaded drawable resource #0x10801d6 (android:drawable/btn_star_on_disabled_holo_dark) that varies with configuration!!
W/Resources(  168): Preloaded drawable resource #0x10801cc (android:drawable/btn_star_off_disabled_holo_dark) that varies with configuration!!
W/Resources(  168): Preloaded drawable resource #0x10801dc (android:drawable/btn_star_on_pressed_holo_dark) that varies with configuration!!
D/dalvikvm(  168): GC_EXPLICIT freed 56K, 8% free 2624K/2832K, paused 0ms+1ms, total 3ms
W/Resources(  168): Preloaded drawable resource #0x10801d2 (android:drawable/btn_star_off_pressed_holo_dark) that varies with configuration!!
W/Resources(  168): Preloaded drawable resource #0x10801d8 (android:drawable/btn_star_on_focused_holo_dark) that varies with configuration!!
W/Resources(  168): Preloaded drawable resource #0x10801ce (android:drawable/btn_star_off_focused_holo_dark) that varies with configuration!!
W/Resources(  168): Preloaded drawable resource #0x10801d4 (android:drawable/btn_star_on_disabled_focused_holo_dark) that varies with configuration!!
W/Resources(  168): Preloaded drawable resource #0x10801ca (android:drawable/btn_star_off_disabled_focused_holo_dark) that varies with configuration!!
D/dalvikvm(  168): GC_EXPLICIT freed 53K, 8% free 2624K/2832K, paused 0ms+0ms, total 6ms
W/Resources(  168): Preloaded drawable resource #0x10801d0 (android:drawable/btn_star_off_normal_holo_dark) that varies with configuration!!
W/Resources(  168): Preloaded drawable resource #0x10801da (android:drawable/btn_star_on_normal_holo_dark) that varies with configuration!!
W/Resources(  168): Preloaded drawable resource #0x10801d6 (android:drawable/btn_star_on_disabled_holo_dark) that varies with configuration!!
W/Resources(  168): Preloaded drawable resource #0x10801cc (android:drawable/btn_star_off_disabled_holo_dark) that varies with configuration!!
W/Resources(  168): Preloaded drawable resource #0x10801dc (android:drawable/btn_star_on_pressed_holo_dark) that varies with configuration!!
W/Resources(  168): Preloaded drawable resource #0x10801d2 (android:drawable/btn_star_off_pressed_holo_dark) that varies with configuration!!
W/Resources(  168): Preloaded drawable resource #0x10801d8 (android:drawable/btn_star_on_focused_holo_dark) that varies with configuration!!
W/Resources(  168): Preloaded drawable resource #0x10801ce (android:drawable/btn_star_off_focused_holo_dark) that varies with configuration!!
W/Resources(  168): Preloaded drawable resource #0x10801d4 (android:drawable/btn_star_on_disabled_focused_holo_dark) that varies with configuration!!
W/Resources(  168): Preloaded drawable resource #0x10801d6 (android:drawable/btn_star_on_disabled_holo_dark) that varies with configuration!!
W/Resources(  168): Preloaded drawable resource #0x10801ca (android:drawable/btn_star_off_disabled_focused_holo_dark) that varies with configuration!!
W/Resources(  168): Preloaded drawable resource #0x10801cc (android:drawable/btn_star_off_disabled_holo_dark) that varies with configuration!!
W/Resources(  168): Preloaded drawable resource #0x10801d0 (android:drawable/btn_star_off_normal_holo_dark) that varies with configuration!!
W/Resources(  168): Preloaded drawable resource #0x10801da (android:drawable/btn_star_on_normal_holo_dark) that varies with configuration!!
W/Resources(  168): Preloaded drawable resource #0x10801c7 (android:drawable/btn_star_holo_dark) that varies with configuration!!
D/dalvikvm(  168): GC_EXPLICIT freed 149K, 8% free 2628K/2832K, paused 0ms+0ms, total 4ms
W/Resources(  168): Preloaded drawable resource #0x10801f7 (android:drawable/btn_toggle_on_pressed_holo_light) that varies with configuration!!
W/Resources(  168): Preloaded drawable resource #0x10801f6 (android:drawable/btn_toggle_on_pressed_holo_dark) that varies with configuration!!
W/Resources(  168): Preloaded drawable resource #0x10801f5 (android:drawable/btn_toggle_on_normal_holo_light) that varies with configuration!!
W/Resources(  168): Preloaded drawable resource #0x10801f4 (android:drawable/btn_toggle_on_normal_holo_dark) that varies with configuration!!
W/Resources(  168): Preloaded drawable resource #0x10801f3 (android:drawable/btn_toggle_on_focused_holo_light) that varies with configuration!!
W/Resources(  168): Preloaded drawable resource #0x10801f2 (android:drawable/btn_toggle_on_focused_holo_dark) that varies with configuration!!
D/dalvikvm(  168): GC_EXPLICIT freed 12K, 6% free 2671K/2832K, paused 1ms+1ms, total 9ms
W/Resources(  168): Preloaded drawable resource #0x10801f1 (android:drawable/btn_toggle_on_disabled_holo_light) that varies with configuration!!
W/Resources(  168): Preloaded drawable resource #0x10801f0 (android:drawable/btn_toggle_on_disabled_holo_dark) that varies with configuration!!
W/Resources(  168): Preloaded drawable resource #0x10801ef (android:drawable/btn_toggle_on_disabled_focused_holo_light) that varies with configuration!!
W/Resources(  168): Preloaded drawable resource #0x10801ee (android:drawable/btn_toggle_on_disabled_focused_holo_dark) that varies with configuration!!
W/Resources(  168): Preloaded drawable resource #0x10801ec (android:drawable/btn_toggle_off_pressed_holo_light) that varies with configuration!!
W/Resources(  168): Preloaded drawable resource #0x10801eb (android:drawable/btn_toggle_off_pressed_holo_dark) that varies with configuration!!
D/dalvikvm(  168): GC_EXPLICIT freed 47K, 6% free 2680K/2832K, paused 0ms+1ms, total 7ms
W/Resources(  168): Preloaded drawable resource #0x10801ea (android:drawable/btn_toggle_off_normal_holo_light) that varies with configuration!!
W/Resources(  168): Preloaded drawable resource #0x10801e9 (android:drawable/btn_toggle_off_normal_holo_dark) that varies with configuration!!
W/Resources(  168): Preloaded drawable resource #0x10801e8 (android:drawable/btn_toggle_off_focused_holo_light) that varies with configuration!!
W/Resources(  168): Preloaded drawable resource #0x10801e7 (android:drawable/btn_toggle_off_focused_holo_dark) that varies with configuration!!
W/Resources(  168): Preloaded drawable resource #0x10801e6 (android:drawable/btn_toggle_off_disabled_holo_light) that varies with configuration!!
W/Resources(  168): Preloaded drawable resource #0x10801e5 (android:drawable/btn_toggle_off_disabled_holo_dark) that varies with configuration!!
D/dalvikvm(  168): GC_EXPLICIT freed 62K, 6% free 2673K/2832K, paused 0ms+0ms, total 2ms
W/Resources(  168): Preloaded drawable resource #0x10801e4 (android:drawable/btn_toggle_off_disabled_focused_holo_light) that varies with configuration!!
W/Resources(  168): Preloaded drawable resource #0x10801e3 (android:drawable/btn_toggle_off_disabled_focused_holo_dark) that varies with configuration!!
W/Resources(  168): Preloaded drawable resource #0x10801f5 (android:drawable/btn_toggle_on_normal_holo_light) that varies with configuration!!
W/Resources(  168): Preloaded drawable resource #0x10801f1 (android:drawable/btn_toggle_on_disabled_holo_light) that varies with configuration!!
W/Resources(  168): Preloaded drawable resource #0x10801f7 (android:drawable/btn_toggle_on_pressed_holo_light) that varies with configuration!!
W/Resources(  168): Preloaded drawable resource #0x10801f3 (android:drawable/btn_toggle_on_focused_holo_light) that varies with configuration!!
W/Resources(  168): Preloaded drawable resource #0x10801f5 (android:drawable/btn_toggle_on_normal_holo_light) that varies with configuration!!
W/Resources(  168): Preloaded drawable resource #0x10801ef (android:drawable/btn_toggle_on_disabled_focused_holo_light) that varies with configuration!!
W/Resources(  168): Preloaded drawable resource #0x10801f1 (android:drawable/btn_toggle_on_disabled_holo_light) that varies with configuration!!
W/Resources(  168): Preloaded drawable resource #0x10801ea (android:drawable/btn_toggle_off_normal_holo_light) that varies with configuration!!
W/Resources(  168): Preloaded drawable resource #0x10801e6 (android:drawable/btn_toggle_off_disabled_holo_light) that varies with configuration!!
W/Resources(  168): Preloaded drawable resource #0x10801ec (android:drawable/btn_toggle_off_pressed_holo_light) that varies with configuration!!
W/Resources(  168): Preloaded drawable resource #0x10801e8 (android:drawable/btn_toggle_off_focused_holo_light) that varies with configuration!!
W/Resources(  168): Preloaded drawable resource #0x10801ea (android:drawable/btn_toggle_off_normal_holo_light) that varies with configuration!!
W/Resources(  168): Preloaded drawable resource #0x10801e4 (android:drawable/btn_toggle_off_disabled_focused_holo_light) that varies with configuration!!
W/Resources(  168): Preloaded drawable resource #0x10801e6 (android:drawable/btn_toggle_off_disabled_holo_light) that varies with configuration!!
W/Resources(  168): Preloaded drawable resource #0x10801e1 (android:drawable/btn_toggle_holo_light) that varies with configuration!!
D/dalvikvm(  168): GC_EXPLICIT freed 63K, 3% free 2759K/2840K, paused 0ms+1ms, total 3ms
W/Resources(  168): Preloaded drawable resource #0x10801f4 (android:drawable/btn_toggle_on_normal_holo_dark) that varies with configuration!!
W/Resources(  168): Preloaded drawable resource #0x10801f0 (android:drawable/btn_toggle_on_disabled_holo_dark) that varies with configuration!!
W/Resources(  168): Preloaded drawable resource #0x10801f6 (android:drawable/btn_toggle_on_pressed_holo_dark) that varies with configuration!!
W/Resources(  168): Preloaded drawable resource #0x10801f2 (android:drawable/btn_toggle_on_focused_holo_dark) that varies with configuration!!
W/Resources(  168): Preloaded drawable resource #0x10801f4 (android:drawable/btn_toggle_on_normal_holo_dark) that varies with configuration!!
W/Resources(  168): Preloaded drawable resource #0x10801ee (android:drawable/btn_toggle_on_disabled_focused_holo_dark) that varies with configuration!!
W/Resources(  168): Preloaded drawable resource #0x10801f0 (android:drawable/btn_toggle_on_disabled_holo_dark) that varies with configuration!!
W/Resources(  168): Preloaded drawable resource #0x10801e9 (android:drawable/btn_toggle_off_normal_holo_dark) that varies with configuration!!
W/Resources(  168): Preloaded drawable resource #0x10801e5 (android:drawable/btn_toggle_off_disabled_holo_dark) that varies with configuration!!
W/Resources(  168): Preloaded drawable resource #0x10801eb (android:drawable/btn_toggle_off_pressed_holo_dark) that varies with configuration!!
W/Resources(  168): Preloaded drawable resource #0x10801e7 (android:drawable/btn_toggle_off_focused_holo_dark) that varies with configuration!!
W/Resources(  168): Preloaded drawable resource #0x10801e9 (android:drawable/btn_toggle_off_normal_holo_dark) that varies with configuration!!
W/Resources(  168): Preloaded drawable resource #0x10801e3 (android:drawable/btn_toggle_off_disabled_focused_holo_dark) that varies with configuration!!
W/Resources(  168): Preloaded drawable resource #0x10801e5 (android:drawable/btn_toggle_off_disabled_holo_dark) that varies with configuration!!
W/Resources(  168): Preloaded drawable resource #0x10801e0 (android:drawable/btn_toggle_holo_dark) that varies with configuration!!
D/dalvikvm(  168): GC_EXPLICIT freed 154K, 6% free 2736K/2904K, paused 0ms+1ms, total 3ms
W/Resources(  168): Preloaded drawable resource #0x108064c (android:drawable/textfield_multiline_default_holo_light) that varies with configuration!!
W/Resources(  168): Preloaded drawable resource #0x1080650 (android:drawable/textfield_multiline_disabled_holo_light) that varies with configuration!!
W/Resources(  168): Preloaded drawable resource #0x108064a (android:drawable/textfield_multiline_activated_holo_light) that varies with configuration!!
W/Resources(  168): Preloaded drawable resource #0x1080652 (android:drawable/textfield_multiline_focused_holo_light) that varies with configuration!!
W/Resources(  168): Preloaded drawable resource #0x108064c (android:drawable/textfield_multiline_default_holo_light) that varies with configuration!!
W/Resources(  168): Preloaded drawable resource #0x108064e (android:drawable/textfield_multiline_disabled_focused_holo_light) that varies with configuration!!
W/Resources(  168): Preloaded drawable resource #0x1080650 (android:drawable/textfield_multiline_disabled_holo_light) that varies with configuration!!
W/Resources(  168): Preloaded drawable resource #0x108063f (android:drawable/textfield_default_holo_light) that varies with configuration!!
W/Resources(  168): Preloaded drawable resource #0x1080644 (android:drawable/textfield_disabled_holo_light) that varies with configuration!!
W/Resources(  168): Preloaded drawable resource #0x1080637 (android:drawable/textfield_activated_holo_light) that varies with configuration!!
W/Resources(  168): Preloaded drawable resource #0x1080647 (android:drawable/textfield_focused_holo_light) that varies with configuration!!
W/Resources(  168): Preloaded drawable resource #0x108063f (android:drawable/textfield_default_holo_light) that varies with configuration!!
W/Resources(  168): Preloaded drawable resource #0x1080642 (android:drawable/textfield_disabled_focused_holo_light) that varies with configuration!!
W/Resources(  168): Preloaded drawable resource #0x1080644 (android:drawable/textfield_disabled_holo_light) that varies with configuration!!
D/dalvikvm(  168): GC_EXPLICIT freed 131K, 6% free 2737K/2904K, paused 1ms+0ms, total 4ms
W/Resources(  168): Preloaded drawable resource #0x108064b (android:drawable/textfield_multiline_default_holo_dark) that varies with configuration!!
W/Resources(  168): Preloaded drawable resource #0x108064f (android:drawable/textfield_multiline_disabled_holo_dark) that varies with configuration!!
W/Resources(  168): Preloaded drawable resource #0x1080649 (android:drawable/textfield_multiline_activated_holo_dark) that varies with configuration!!
W/Resources(  168): Preloaded drawable resource #0x1080651 (android:drawable/textfield_multiline_focused_holo_dark) that varies with configuration!!
W/Resources(  168): Preloaded drawable resource #0x108064b (android:drawable/textfield_multiline_default_holo_dark) that varies with configuration!!
W/Resources(  168): Preloaded drawable resource #0x108064d (android:drawable/textfield_multiline_disabled_focused_holo_dark) that varies with configuration!!
W/Resources(  168): Preloaded drawable resource #0x108064f (android:drawable/textfield_multiline_disabled_holo_dark) that varies with configuration!!
W/Resources(  168): Preloaded drawable resource #0x108063e (android:drawable/textfield_default_holo_dark) that varies with configuration!!
W/Resources(  168): Preloaded drawable resource #0x1080643 (android:drawable/textfield_disabled_holo_dark) that varies with configuration!!
W/Resources(  168): Preloaded drawable resource #0x1080636 (android:drawable/textfield_activated_holo_dark) that varies with configuration!!
W/Resources(  168): Preloaded drawable resource #0x1080646 (android:drawable/textfield_focused_holo_dark) that varies with configuration!!
W/Resources(  168): Preloaded drawable resource #0x108063e (android:drawable/textfield_default_holo_dark) that varies with configuration!!
W/Resources(  168): Preloaded drawable resource #0x1080641 (android:drawable/textfield_disabled_focused_holo_dark) that varies with configuration!!
W/Resources(  168): Preloaded drawable resource #0x1080643 (android:drawable/textfield_disabled_holo_dark) that varies with configuration!!
W/Resources(  168): Preloaded drawable resource #0x1080257 (android:drawable/edit_text_holo_dark) that varies with configuration!!
W/Resources(  168): Preloaded drawable resource #0x1080258 (android:drawable/edit_text_holo_light) that varies with configuration!!
D/dalvikvm(  168): GC_EXPLICIT freed 130K, 6% free 2739K/2904K, paused 0ms+0ms, total 5ms
W/Resources(  168): Preloaded drawable resource #0x1080633 (android:drawable/text_select_handle_left) that varies with configuration!!
W/Resources(  168): Preloaded drawable resource #0x1080635 (android:drawable/text_select_handle_right) that varies with configuration!!
D/dalvikvm(  168): GC_EXPLICIT freed 160K, 10% free 2633K/2904K, paused 1ms+0ms, total 3ms
W/Resources(  168): Preloaded drawable resource #0x1080630 (android:drawable/text_edit_paste_window) that varies with configuration!!
W/Resources(  168): Preloaded drawable resource #0x108026d (android:drawable/expander_close_holo_dark) that varies with configuration!!
W/Resources(  168): Preloaded drawable resource #0x108026e (android:drawable/expander_close_holo_light) that varies with configuration!!
W/Resources(  168): Preloaded drawable resource #0x108026d (android:drawable/expander_close_holo_dark) that varies with configuration!!
W/Resources(  168): Preloaded drawable resource #0x1080274 (android:drawable/expander_open_holo_dark) that varies with configuration!!
W/Resources(  168): Preloaded drawable resource #0x1080270 (android:drawable/expander_group_holo_dark) that varies with configuration!!
D/dalvikvm(  168): GC_EXPLICIT freed 9K, 8% free 2679K/2904K, paused 1ms+1ms, total 3ms
W/Resources(  168): Preloaded drawable resource #0x108026e (android:drawable/expander_close_holo_light) that varies with configuration!!
W/Resources(  168): Preloaded drawable resource #0x1080275 (android:drawable/expander_open_holo_light) that varies with configuration!!
W/Resources(  168): Preloaded drawable resource #0x1080271 (android:drawable/expander_group_holo_light) that varies with configuration!!
W/Resources(  168): Preloaded drawable resource #0x108041d (android:drawable/list_selector_disabled_holo_dark) that varies with configuration!!
W/Resources(  168): Preloaded drawable resource #0x108041d (android:drawable/list_selector_disabled_holo_dark) that varies with configuration!!
W/Resources(  168): Preloaded drawable resource #0x10803fe (android:drawable/list_pressed_holo_dark) that varies with configuration!!
W/Resources(  168): Preloaded drawable resource #0x10803fc (android:drawable/list_longpressed_holo_dark) that varies with configuration!!
W/Resources(  168): Preloaded drawable resource #0x108041a (android:drawable/list_selector_background_transition_holo_dark) that varies with configuration!!
W/Resources(  168): Preloaded drawable resource #0x10803fe (android:drawable/list_pressed_holo_dark) that varies with configuration!!
W/Resources(  168): Preloaded drawable resource #0x10803fc (android:drawable/list_longpressed_holo_dark) that varies with configuration!!
W/Resources(  168): Preloaded drawable resource #0x108041a (android:drawable/list_selector_background_transition_holo_dark) that varies with configuration!!
W/Resources(  168): Preloaded drawable resource #0x10803f7 (android:drawable/list_focused_holo) that varies with configuration!!
D/dalvikvm(  168): GC_EXPLICIT freed 62K, 9% free 2669K/2904K, paused 1ms+1ms, total 6ms
W/Resources(  168): Preloaded drawable resource #0x108041e (android:drawable/list_selector_disabled_holo_light) that varies with configuration!!
W/Resources(  168): Preloaded drawable resource #0x108041e (android:drawable/list_selector_disabled_holo_light) that varies with configuration!!
W/Resources(  168): Preloaded drawable resource #0x10803ff (android:drawable/list_pressed_holo_light) that varies with configuration!!
